Archive member included because of file (symbol)

C:\Users\Tolavio\Documents\Inatel\P9\EC020\Rtos\source-code-for-LPC17xx-examples\CMSISv1p30_LPC17xx\Debug\libCMSISv1p30_LPC17xx.a(system_LPC17xx.o)
                              ./cr_startup_lpc17.o (SystemInit)
C:\Users\Tolavio\Documents\Inatel\P9\EC020\Rtos\source-code-for-LPC17xx-examples\FreeRTOS_Source\Debug\libFreeRTOS_Library.a(port.o)
                              ./cr_startup_lpc17.o (vPortSVCHandler)
C:\Users\Tolavio\Documents\Inatel\P9\EC020\Rtos\source-code-for-LPC17xx-examples\FreeRTOS_Source\Debug\libFreeRTOS_Library.a(basic_io.o)
                              ./main.o (vPrintString)
C:\Users\Tolavio\Documents\Inatel\P9\EC020\Rtos\source-code-for-LPC17xx-examples\FreeRTOS_Source\Debug\libFreeRTOS_Library.a(consoleprint.o)
                              C:\Users\Tolavio\Documents\Inatel\P9\EC020\Rtos\source-code-for-LPC17xx-examples\FreeRTOS_Source\Debug\libFreeRTOS_Library.a(basic_io.o) (consoleprint)
C:\Users\Tolavio\Documents\Inatel\P9\EC020\Rtos\source-code-for-LPC17xx-examples\FreeRTOS_Source\Debug\libFreeRTOS_Library.a(queue.o)
                              ./main.o (xQueueCreate)
C:\Users\Tolavio\Documents\Inatel\P9\EC020\Rtos\source-code-for-LPC17xx-examples\FreeRTOS_Source\Debug\libFreeRTOS_Library.a(tasks.o)
                              ./main.o (xTaskGenericCreate)
C:\Users\Tolavio\Documents\Inatel\P9\EC020\Rtos\source-code-for-LPC17xx-examples\FreeRTOS_Source\Debug\libFreeRTOS_Library.a(heap_2.o)
                              C:\Users\Tolavio\Documents\Inatel\P9\EC020\Rtos\source-code-for-LPC17xx-examples\FreeRTOS_Source\Debug\libFreeRTOS_Library.a(queue.o) (pvPortMalloc)
C:\Users\Tolavio\Documents\Inatel\P9\EC020\Rtos\source-code-for-LPC17xx-examples\FreeRTOS_Source\Debug\libFreeRTOS_Library.a(list.o)
                              C:\Users\Tolavio\Documents\Inatel\P9\EC020\Rtos\source-code-for-LPC17xx-examples\FreeRTOS_Source\Debug\libFreeRTOS_Library.a(queue.o) (vListInitialise)
C:\Users\Tolavio\Documents\LPCXpresso_6.1.4_194\workspace\Lib_EaBaseBoard\Debug\libLib_EaBaseBoard.a(oled.o)
                              ./main.o (oled_init)
C:\Users\Tolavio\Documents\LPCXpresso_6.1.4_194\workspace\Lib_EaBaseBoard\Debug\libLib_EaBaseBoard.a(font5x7.o)
                              C:\Users\Tolavio\Documents\LPCXpresso_6.1.4_194\workspace\Lib_EaBaseBoard\Debug\libLib_EaBaseBoard.a(oled.o) (font5x7)
C:\Users\Tolavio\Documents\LPCXpresso_6.1.4_194\workspace\Lib_MCU\Debug\libLib_MCU.a(lpc17xx_gpio.o)
                              C:\Users\Tolavio\Documents\LPCXpresso_6.1.4_194\workspace\Lib_EaBaseBoard\Debug\libLib_EaBaseBoard.a(oled.o) (GPIO_SetDir)
C:\Users\Tolavio\Documents\LPCXpresso_6.1.4_194\workspace\Lib_MCU\Debug\libLib_MCU.a(lpc17xx_i2c.o)
                              ./sensor_luz.o (I2C_Init)
C:\Users\Tolavio\Documents\LPCXpresso_6.1.4_194\workspace\Lib_MCU\Debug\libLib_MCU.a(lpc17xx_libcfg_default.o)
                              C:\Users\Tolavio\Documents\LPCXpresso_6.1.4_194\workspace\Lib_MCU\Debug\libLib_MCU.a(lpc17xx_i2c.o) (check_failed)
C:\Users\Tolavio\Documents\LPCXpresso_6.1.4_194\workspace\Lib_MCU\Debug\libLib_MCU.a(lpc17xx_pinsel.o)
                              ./main.o (PINSEL_ConfigPin)
C:\Users\Tolavio\Documents\LPCXpresso_6.1.4_194\workspace\Lib_MCU\Debug\libLib_MCU.a(lpc17xx_ssp.o)
                              ./main.o (SSP_Init)
C:\Users\Tolavio\Documents\LPCXpresso_6.1.4_194\workspace\Lib_MCU\Debug\libLib_MCU.a(lpc17xx_timer.o)
                              ./sensor_luz.o (TIM_GetIntStatus)
C:\Users\Tolavio\Documents\LPCXpresso_6.1.4_194\workspace\Lib_MCU\Debug\libLib_MCU.a(lpc17xx_clkpwr.o)
                              C:\Users\Tolavio\Documents\LPCXpresso_6.1.4_194\workspace\Lib_MCU\Debug\libLib_MCU.a(lpc17xx_i2c.o) (CLKPWR_SetPCLKDiv)
c:/nxp/lpcxpresso_6.1.4_194/lpcxpresso/tools/bin/../lib/gcc/arm-none-eabi/4.6.2/../../../../arm-none-eabi/lib/armv7-m\libcr_semihost.a(__sys_write.o)
                              C:\Users\Tolavio\Documents\Inatel\P9\EC020\Rtos\source-code-for-LPC17xx-examples\FreeRTOS_Source\Debug\libFreeRTOS_Library.a(consoleprint.o) (__write)
c:/nxp/lpcxpresso_6.1.4_194/lpcxpresso/tools/bin/../lib/gcc/arm-none-eabi/4.6.2/../../../../arm-none-eabi/lib/armv7-m\libcr_semihost.a(_cr__main.o)
                              ./cr_startup_lpc17.o (__main)
c:/nxp/lpcxpresso_6.1.4_194/lpcxpresso/tools/bin/../lib/gcc/arm-none-eabi/4.6.2/../../../../arm-none-eabi/lib/armv7-m\libcr_c.a(memcpy.o)
                              C:\Users\Tolavio\Documents\Inatel\P9\EC020\Rtos\source-code-for-LPC17xx-examples\FreeRTOS_Source\Debug\libFreeRTOS_Library.a(queue.o) (memcpy)
c:/nxp/lpcxpresso_6.1.4_194/lpcxpresso/tools/bin/../lib/gcc/arm-none-eabi/4.6.2/../../../../arm-none-eabi/lib/armv7-m\libcr_c.a(memset.o)
                              C:\Users\Tolavio\Documents\Inatel\P9\EC020\Rtos\source-code-for-LPC17xx-examples\FreeRTOS_Source\Debug\libFreeRTOS_Library.a(tasks.o) (memset)
[...]
Memory Configuration

Name             Origin             Length             Attributes
MFlash512        0x00000000         0x00080000         xr
RamLoc32         0x10000000         0x00008000         xrw
RamAHB32         0x2007c000         0x00008000         xrw
*default*        0x00000000         0xffffffff

Linker script and memory map

LOAD ./cr_startup_lpc17.o
LOAD ./main.o
LOAD ./sensor_luz.o
LOAD C:\Users\Tolavio\Documents\Inatel\P9\EC020\Rtos\source-code-for-LPC17xx-examples\CMSISv1p30_LPC17xx\Debug\libCMSISv1p30_LPC17xx.a
LOAD C:\Users\Tolavio\Documents\Inatel\P9\EC020\Rtos\source-code-for-LPC17xx-examples\FreeRTOS_Source\Debug\libFreeRTOS_Library.a
LOAD C:\Users\Tolavio\Documents\LPCXpresso_6.1.4_194\workspace\Lib_EaBaseBoard\Debug\libLib_EaBaseBoard.a
LOAD C:\Users\Tolavio\Documents\LPCXpresso_6.1.4_194\workspace\Lib_MCU\Debug\libLib_MCU.a
START GROUP
LOAD c:/nxp/lpcxpresso_6.1.4_194/lpcxpresso/tools/bin/../lib/gcc/arm-none-eabi/4.6.2/../../../../arm-none-eabi/lib/armv7-m\libcr_semihost.a
LOAD c:/nxp/lpcxpresso_6.1.4_194/lpcxpresso/tools/bin/../lib/gcc/arm-none-eabi/4.6.2/../../../../arm-none-eabi/lib/armv7-m\libcr_c.a
LOAD c:/nxp/lpcxpresso_6.1.4_194/lpcxpresso/tools/bin/../lib/gcc/arm-none-eabi/4.6.2/armv7-m\libcr_eabihelpers.a
END GROUP
                0x00080000                __top_MFlash512 = 0x80000
                0x10008000                __top_RamLoc32 = 0x10008000
                0x20084000                __top_RamAHB32 = 0x20084000

.text           0x00000000     0x71c8
 FILL mask 0xff
                0x00000000                __vectors_start__ = ABSOLUTE (.)
 *(.isr_vector)
 .isr_vector    0x00000000       0xcc ./cr_startup_lpc17.o
                0x00000000                g_pfnVectors
                0x000000cc                . = ALIGN (0x4)
                0x000000cc                __section_table_start = .
                0x000000cc                __data_section_table = .
                0x000000cc        0x4 LONG 0x71c8 LOADADDR (.data)
                0x000000d0        0x4 LONG 0x10000000 ADDR (.data)
                0x000000d4        0x4 LONG 0x18 SIZEOF (.data)
                0x000000d8        0x4 LONG 0x71c8 LOADADDR (.data_RAM2)
                0x000000dc        0x4 LONG 0x2007c000 ADDR (.data_RAM2)
                0x000000e0        0x4 LONG 0x0 SIZEOF (.data_RAM2)
                0x000000e4                __data_section_table_end = .
                0x000000e4                __bss_section_table = .
                0x000000e4        0x4 LONG 0x10000018 ADDR (.bss)
                0x000000e8        0x4 LONG 0x2df8 SIZEOF (.bss)
                0x000000ec        0x4 LONG 0x2007c000 ADDR (.bss_RAM2)
                0x000000f0        0x4 LONG 0x0 SIZEOF (.bss_RAM2)
                0x000000f4                __bss_section_table_end = .
                0x000000f4                __section_table_end = .
 *(.after_vectors*)
 *(.text*)
 .text.ResetISR
                0x000000f4       0x68 ./cr_startup_lpc17.o
                0x000000f4                ResetISR
 .text.NMI_Handler
                0x0000015c        0x8 ./cr_startup_lpc17.o
                0x0000015c                NMI_Handler
 .text.HardFault_Handler
                0x00000164        0x8 ./cr_startup_lpc17.o
                0x00000164                HardFault_Handler
 .text.MemManage_Handler
                0x0000016c        0x8 ./cr_startup_lpc17.o
                0x0000016c                MemManage_Handler
 .text.BusFault_Handler
                0x00000174        0x8 ./cr_startup_lpc17.o
                0x00000174                BusFault_Handler
 .text.UsageFault_Handler
                0x0000017c        0x8 ./cr_startup_lpc17.o
                0x0000017c                UsageFault_Handler
 .text.DebugMon_Handler
                0x00000184        0x8 ./cr_startup_lpc17.o
                0x00000184                DebugMon_Handler
 .text.IntDefaultHandler
                0x0000018c        0x8 ./cr_startup_lpc17.o
                0x0000018c                TIMER2_IRQHandler
                0x0000018c                RIT_IRQHandler
                0x0000018c                I2C0_IRQHandler
                0x0000018c                USBActivity_IRQHandler
                0x0000018c                PWM1_IRQHandler
                0x0000018c                I2C1_IRQHandler
                0x0000018c                EINT2_IRQHandler
                0x0000018c                UART1_IRQHandler
                0x0000018c                EINT3_IRQHandler
                0x0000018c                CANActivity_IRQHandler
                0x0000018c                TIMER3_IRQHandler
                0x0000018c                UART0_IRQHandler
                0x0000018c                IntDefaultHandler
                0x0000018c                PLL0_IRQHandler
                0x0000018c                CAN_IRQHandler
                0x0000018c                PLL1_IRQHandler
                0x0000018c                SSP0_IRQHandler
                0x0000018c                I2S_IRQHandler
                0x0000018c                I2C2_IRQHandler
                0x0000018c                RTC_IRQHandler
                0x0000018c                SPI_IRQHandler
                0x0000018c                EINT1_IRQHandler
                0x0000018c                TIMER1_IRQHandler
                0x0000018c                UART2_IRQHandler
                0x0000018c                ADC_IRQHandler
                0x0000018c                SSP1_IRQHandler
                0x0000018c                USB_IRQHandler
                0x0000018c                BOD_IRQHandler
                0x0000018c                WDT_IRQHandler
                0x0000018c                QEI_IRQHandler
                0x0000018c                EINT0_IRQHandler
                0x0000018c                DMA_IRQHandler
                0x0000018c                UART3_IRQHandler
                0x0000018c                MCPWM_IRQHandler
                0x0000018c                ENET_IRQHandler
 .text.intToString
                0x00000194       0xdc ./main.o
 .text.init_ssp
                0x00000270       0x98 ./main.o
 .text.main     0x00000308       0xa0 ./main.o
                0x00000308                main
 .text.vSenderTask
                0x000003a8       0x68 ./main.o
 .text.vReceiverTask
                0x00000410      0x104 ./main.o
 .text.vApplicationMallocFailedHook
                0x00000514        0x8 ./main.o
                0x00000514                vApplicationMallocFailedHook
 .text.vApplicationStackOverflowHook
                0x0000051c        0xc ./main.o
                0x0000051c                vApplicationStackOverflowHook
 .text.vApplicationIdleHook
                0x00000528        0xc ./main.o
                0x00000528                vApplicationIdleHook
 .text.vApplicationTickHook
                0x00000534        0xc ./main.o
                0x00000534                vApplicationTickHook
 .text.NVIC_DisableIRQ
                0x00000540       0x3c ./sensor_luz.o
 .text.I2CRead  0x0000057c       0x5c ./sensor_luz.o
 .text.I2CWrite
                0x000005d8       0x5c ./sensor_luz.o
 .text.luz_init_i2c
                0x00000634       0x5c ./sensor_luz.o
                0x00000634                luz_init_i2c
 .text.luz_enable
                0x00000690       0x48 ./sensor_luz.o
                0x00000690                luz_enable
 .text.luz_read
                0x000006d8       0x90 ./sensor_luz.o
                0x000006d8                luz_read
 .text.readControlReg
                0x00000768       0x3c ./sensor_luz.o
 .text.luz_setRange
                0x000007a4       0xac ./sensor_luz.o
                0x000007a4                luz_setRange
 .text.TIMER0_IRQHandler
                0x00000850       0x3c ./sensor_luz.o
                0x00000850                TIMER0_IRQHandler
 .text.SystemInit
                0x0000088c      0x22c C:\Users\Tolavio\Documents\Inatel\P9\EC020\Rtos\source-code-for-LPC17xx-examples\CMSISv1p30_LPC17xx\Debug\libCMSISv1p30_LPC17xx.a(system_LPC17xx.o)
                0x0000088c                SystemInit
 .text          0x00000ab8      0x154 C:\Users\Tolavio\Documents\Inatel\P9\EC020\Rtos\source-code-for-LPC17xx-examples\FreeRTOS_Source\Debug\libFreeRTOS_Library.a(port.o)
                0x00000ab8                pxPortInitialiseStack
                0x00000ad8                vPortSVCHandler
                0x00000af8                vPortStartFirstTask
                0x00000b08                xPortStartScheduler
                0x00000b58                vPortEndScheduler
                0x00000b5c                vPortYieldFromISR
                0x00000b6c                vPortEnterCritical
                0x00000b88                vPortExitCritical
                0x00000ba4                xPortPendSVHandler
                0x00000be0                xPortSysTickHandler
 .text          0x00000c0c       0x54 C:\Users\Tolavio\Documents\Inatel\P9\EC020\Rtos\source-code-for-LPC17xx-examples\FreeRTOS_Source\Debug\libFreeRTOS_Library.a(basic_io.o)
                0x00000c0c                vPrintString
                0x00000c30                vPrintStringAndNumber
 .text          0x00000c60       0x18 C:\Users\Tolavio\Documents\Inatel\P9\EC020\Rtos\source-code-for-LPC17xx-examples\FreeRTOS_Source\Debug\libFreeRTOS_Library.a(consoleprint.o)
                0x00000c60                consoleprint
 .text          0x00000c78      0x4e4 C:\Users\Tolavio\Documents\Inatel\P9\EC020\Rtos\source-code-for-LPC17xx-examples\FreeRTOS_Source\Debug\libFreeRTOS_Library.a(queue.o)
                0x00000d80                xQueueCreate
                0x00000dec                xQueueCreateCountingSemaphore
                0x00000e00                xQueueGenericSend
                0x00000ee4                xQueueCreateMutex
                0x00000f30                xQueueGenericSendFromISR
                0x00000f94                xQueueGenericReceive
                0x000010ac                xQueueReceiveFromISR
                0x00001114                uxQueueMessagesWaiting
                0x00001128                uxQueueMessagesWaitingFromISR
                0x0000112c                vQueueDelete
                0x00001140                xQueueIsQueueEmptyFromISR
                0x0000114c                xQueueIsQueueFullFromISR
 .text          0x0000115c      0xca4 C:\Users\Tolavio\Documents\Inatel\P9\EC020\Rtos\source-code-for-LPC17xx-examples\FreeRTOS_Source\Debug\libFreeRTOS_Library.a(tasks.o)
                0x0000115c                xTaskGenericCreate
                0x0000135c                vTaskDelete
                0x000013dc                uxTaskPriorityGet
                0x000013fc                vTaskPrioritySet
                0x000014b0                xTaskIsTaskSuspended
                0x000014dc                vTaskResume
                0x00001558                xTaskResumeFromISR
                0x000015d4                vTaskStartScheduler
                0x00001628                vTaskEndScheduler
                0x00001648                vTaskSuspendAll
                0x00001660                xTaskGetTickCount
                0x0000167c                xTaskGetTickCountFromISR
                0x0000168c                uxTaskGetNumberOfTasks
                0x00001698                vTaskIncrementTick
                0x00001778                xTaskResumeAll
                0x000018f4                vTaskDelay
                0x0000194c                vTaskDelayUntil
                0x000019e8                vTaskSwitchContext
                0x00001ae4                vTaskSuspend
                0x00001b70                vTaskPlaceOnEventList
                0x00001bdc                xTaskRemoveFromEventList
                0x00001c68                vTaskSetTimeOutState
                0x00001c80                xTaskCheckForTimeOut
                0x00001d00                vTaskMissedYield
                0x00001d14                xTaskGetCurrentTaskHandle
                0x00001d20                vTaskPriorityInherit
                0x00001dac                vTaskPriorityDisinherit
 .text          0x00001e00      0x140 C:\Users\Tolavio\Documents\Inatel\P9\EC020\Rtos\source-code-for-LPC17xx-examples\FreeRTOS_Source\Debug\libFreeRTOS_Library.a(heap_2.o)
                0x00001e00                pvPortMalloc
                0x00001eec                vPortFree
                0x00001f30                xPortGetFreeHeapSize
                0x00001f3c                vPortInitialiseBlocks
 .text          0x00001f40       0xa4 C:\Users\Tolavio\Documents\Inatel\P9\EC020\Rtos\source-code-for-LPC17xx-examples\FreeRTOS_Source\Debug\libFreeRTOS_Library.a(list.o)
                0x00001f40                vListInitialise
                0x00001f58                vListInitialiseItem
                0x00001f60                vListInsertEnd
                0x00001f80                vListInsert
                0x00001fbc                vListRemove
 .text.writeCommand
                0x00001fe4       0x60 C:\Users\Tolavio\Documents\LPCXpresso_6.1.4_194\workspace\Lib_EaBaseBoard\Debug\libLib_EaBaseBoard.a(oled.o)
 .text.writeData
                0x00002044       0x60 C:\Users\Tolavio\Documents\LPCXpresso_6.1.4_194\workspace\Lib_EaBaseBoard\Debug\libLib_EaBaseBoard.a(oled.o)
 .text.writeDataLen
                0x000020a4       0x8c C:\Users\Tolavio\Documents\LPCXpresso_6.1.4_194\workspace\Lib_EaBaseBoard\Debug\libLib_EaBaseBoard.a(oled.o)
 .text.runInitSequence
                0x00002130      0x118 C:\Users\Tolavio\Documents\LPCXpresso_6.1.4_194\workspace\Lib_EaBaseBoard\Debug\libLib_EaBaseBoard.a(oled.o)
 .text.hLine    0x00002248       0x4c C:\Users\Tolavio\Documents\LPCXpresso_6.1.4_194\workspace\Lib_EaBaseBoard\Debug\libLib_EaBaseBoard.a(oled.o)
 .text.vLine    0x00002294       0x4c C:\Users\Tolavio\Documents\LPCXpresso_6.1.4_194\workspace\Lib_EaBaseBoard\Debug\libLib_EaBaseBoard.a(oled.o)
 .text.oled_init
                0x000022e0       0x9c C:\Users\Tolavio\Documents\LPCXpresso_6.1.4_194\workspace\Lib_EaBaseBoard\Debug\libLib_EaBaseBoard.a(oled.o)
                0x000022e0                oled_init
 .text.oled_putPixel
                0x0000237c      0x188 C:\Users\Tolavio\Documents\LPCXpresso_6.1.4_194\workspace\Lib_EaBaseBoard\Debug\libLib_EaBaseBoard.a(oled.o)
                0x0000237c                oled_putPixel
 .text.oled_fillRect
                0x00002504       0x90 C:\Users\Tolavio\Documents\LPCXpresso_6.1.4_194\workspace\Lib_EaBaseBoard\Debug\libLib_EaBaseBoard.a(oled.o)
                0x00002504                oled_fillRect
 .text.oled_clearScreen
                0x00002594       0x74 C:\Users\Tolavio\Documents\LPCXpresso_6.1.4_194\workspace\Lib_EaBaseBoard\Debug\libLib_EaBaseBoard.a(oled.o)
                0x00002594                oled_clearScreen
 .text.oled_putChar
                0x00002608       0xf0 C:\Users\Tolavio\Documents\LPCXpresso_6.1.4_194\workspace\Lib_EaBaseBoard\Debug\libLib_EaBaseBoard.a(oled.o)
                0x00002608                oled_putChar
 .text.oled_putString
                0x000026f8       0x54 C:\Users\Tolavio\Documents\LPCXpresso_6.1.4_194\workspace\Lib_EaBaseBoard\Debug\libLib_EaBaseBoard.a(oled.o)
                0x000026f8                oled_putString
 .text.GPIO_GetPointer
                0x0000274c       0x7c C:\Users\Tolavio\Documents\LPCXpresso_6.1.4_194\workspace\Lib_MCU\Debug\libLib_MCU.a(lpc17xx_gpio.o)
 .text.GPIO_SetDir
                0x000027c8       0x54 C:\Users\Tolavio\Documents\LPCXpresso_6.1.4_194\workspace\Lib_MCU\Debug\libLib_MCU.a(lpc17xx_gpio.o)
                0x000027c8                GPIO_SetDir
 .text.GPIO_SetValue
                0x0000281c       0x2c C:\Users\Tolavio\Documents\LPCXpresso_6.1.4_194\workspace\Lib_MCU\Debug\libLib_MCU.a(lpc17xx_gpio.o)
                0x0000281c                GPIO_SetValue
 .text.GPIO_ClearValue
                0x00002848       0x2c C:\Users\Tolavio\Documents\LPCXpresso_6.1.4_194\workspace\Lib_MCU\Debug\libLib_MCU.a(lpc17xx_gpio.o)
                0x00002848                GPIO_ClearValue
 .text.NVIC_EnableIRQ
                0x00002874       0x38 C:\Users\Tolavio\Documents\LPCXpresso_6.1.4_194\workspace\Lib_MCU\Debug\libLib_MCU.a(lpc17xx_i2c.o)
 .text.NVIC_DisableIRQ
                0x000028ac       0x3c C:\Users\Tolavio\Documents\LPCXpresso_6.1.4_194\workspace\Lib_MCU\Debug\libLib_MCU.a(lpc17xx_i2c.o)
 .text.I2C_getNum
                0x000028e8       0x54 C:\Users\Tolavio\Documents\LPCXpresso_6.1.4_194\workspace\Lib_MCU\Debug\libLib_MCU.a(lpc17xx_i2c.o)
 .text.I2C_Start
                0x0000293c       0x44 C:\Users\Tolavio\Documents\LPCXpresso_6.1.4_194\workspace\Lib_MCU\Debug\libLib_MCU.a(lpc17xx_i2c.o)
 .text.I2C_Stop
                0x00002980       0x38 C:\Users\Tolavio\Documents\LPCXpresso_6.1.4_194\workspace\Lib_MCU\Debug\libLib_MCU.a(lpc17xx_i2c.o)
 .text.I2C_SendByte
                0x000029b8       0x50 C:\Users\Tolavio\Documents\LPCXpresso_6.1.4_194\workspace\Lib_MCU\Debug\libLib_MCU.a(lpc17xx_i2c.o)
 .text.I2C_GetByte
                0x00002a08       0x5c C:\Users\Tolavio\Documents\LPCXpresso_6.1.4_194\workspace\Lib_MCU\Debug\libLib_MCU.a(lpc17xx_i2c.o)
 .text.I2C_IntCmd
                0x00002a64       0xa8 C:\Users\Tolavio\Documents\LPCXpresso_6.1.4_194\workspace\Lib_MCU\Debug\libLib_MCU.a(lpc17xx_i2c.o)
                0x00002a64                I2C_IntCmd
 .text.I2C_MasterHandler
                0x00002b0c      0x408 C:\Users\Tolavio\Documents\LPCXpresso_6.1.4_194\workspace\Lib_MCU\Debug\libLib_MCU.a(lpc17xx_i2c.o)
                0x00002b0c                I2C_MasterHandler
 .text.I2C_SetClock
                0x00002f14       0xc8 C:\Users\Tolavio\Documents\LPCXpresso_6.1.4_194\workspace\Lib_MCU\Debug\libLib_MCU.a(lpc17xx_i2c.o)
                0x00002f14                I2C_SetClock
 .text.I2C_Init
                0x00002fdc       0xd8 C:\Users\Tolavio\Documents\LPCXpresso_6.1.4_194\workspace\Lib_MCU\Debug\libLib_MCU.a(lpc17xx_i2c.o)
                0x00002fdc                I2C_Init
 .text.I2C_Cmd  0x000030b4       0x84 C:\Users\Tolavio\Documents\LPCXpresso_6.1.4_194\workspace\Lib_MCU\Debug\libLib_MCU.a(lpc17xx_i2c.o)
                0x000030b4                I2C_Cmd
 .text.I2C_MasterTransferData
                0x00003138      0x390 C:\Users\Tolavio\Documents\LPCXpresso_6.1.4_194\workspace\Lib_MCU\Debug\libLib_MCU.a(lpc17xx_i2c.o)
                0x00003138                I2C_MasterTransferData
 .text.check_failed
                0x000034c8        0xc C:\Users\Tolavio\Documents\LPCXpresso_6.1.4_194\workspace\Lib_MCU\Debug\libLib_MCU.a(lpc17xx_libcfg_default.o)
                0x000034c8                check_failed
 .text.PINSEL_SetPinFunc
                0x000034d4       0x9c C:\Users\Tolavio\Documents\LPCXpresso_6.1.4_194\workspace\Lib_MCU\Debug\libLib_MCU.a(lpc17xx_pinsel.o)
                0x000034d4                PINSEL_SetPinFunc
 .text.PINSEL_SetResistorMode
                0x00003570       0x9c C:\Users\Tolavio\Documents\LPCXpresso_6.1.4_194\workspace\Lib_MCU\Debug\libLib_MCU.a(lpc17xx_pinsel.o)
                0x00003570                PINSEL_SetResistorMode
 .text.PINSEL_SetOpenDrainMode
                0x0000360c       0x7c C:\Users\Tolavio\Documents\LPCXpresso_6.1.4_194\workspace\Lib_MCU\Debug\libLib_MCU.a(lpc17xx_pinsel.o)
                0x0000360c                PINSEL_SetOpenDrainMode
 .text.PINSEL_ConfigPin
                0x00003688       0x54 C:\Users\Tolavio\Documents\LPCXpresso_6.1.4_194\workspace\Lib_MCU\Debug\libLib_MCU.a(lpc17xx_pinsel.o)
                0x00003688                PINSEL_ConfigPin
 .text.SSP_getNum
                0x000036dc       0x40 C:\Users\Tolavio\Documents\LPCXpresso_6.1.4_194\workspace\Lib_MCU\Debug\libLib_MCU.a(lpc17xx_ssp.o)
 .text.SSP_IntHandler
                0x0000371c      0x338 C:\Users\Tolavio\Documents\LPCXpresso_6.1.4_194\workspace\Lib_MCU\Debug\libLib_MCU.a(lpc17xx_ssp.o)
                0x0000371c                SSP_IntHandler
 .text.SSP_SetClock
                0x00003a54       0xf8 C:\Users\Tolavio\Documents\LPCXpresso_6.1.4_194\workspace\Lib_MCU\Debug\libLib_MCU.a(lpc17xx_ssp.o)
                0x00003a54                SSP_SetClock
 .text.SSP_Init
                0x00003b4c      0x10c C:\Users\Tolavio\Documents\LPCXpresso_6.1.4_194\workspace\Lib_MCU\Debug\libLib_MCU.a(lpc17xx_ssp.o)
                0x00003b4c                SSP_Init
 .text.SSP_ConfigStructInit
                0x00003c58       0x48 C:\Users\Tolavio\Documents\LPCXpresso_6.1.4_194\workspace\Lib_MCU\Debug\libLib_MCU.a(lpc17xx_ssp.o)
                0x00003c58                SSP_ConfigStructInit
 .text.SSP_Cmd  0x00003ca0       0x7c C:\Users\Tolavio\Documents\LPCXpresso_6.1.4_194\workspace\Lib_MCU\Debug\libLib_MCU.a(lpc17xx_ssp.o)
                0x00003ca0                SSP_Cmd
 .text.SSP_SendData
                0x00003d1c       0x48 C:\Users\Tolavio\Documents\LPCXpresso_6.1.4_194\workspace\Lib_MCU\Debug\libLib_MCU.a(lpc17xx_ssp.o)
                0x00003d1c                SSP_SendData
 .text.SSP_ReceiveData
                0x00003d64       0x44 C:\Users\Tolavio\Documents\LPCXpresso_6.1.4_194\workspace\Lib_MCU\Debug\libLib_MCU.a(lpc17xx_ssp.o)
                0x00003d64                SSP_ReceiveData
 .text.SSP_ReadWrite
                0x00003da8      0x440 C:\Users\Tolavio\Documents\LPCXpresso_6.1.4_194\workspace\Lib_MCU\Debug\libLib_MCU.a(lpc17xx_ssp.o)
                0x00003da8                SSP_ReadWrite
 .text.CLKPWR_SetPCLKDiv
                0x000041e8       0xcc C:\Users\Tolavio\Documents\LPCXpresso_6.1.4_194\workspace\Lib_MCU\Debug\libLib_MCU.a(lpc17xx_clkpwr.o)
                0x000041e8                CLKPWR_SetPCLKDiv
 .text.CLKPWR_GetPCLKSEL
                0x000042b4       0x54 C:\Users\Tolavio\Documents\LPCXpresso_6.1.4_194\workspace\Lib_MCU\Debug\libLib_MCU.a(lpc17xx_clkpwr.o)
                0x000042b4                CLKPWR_GetPCLKSEL
 .text.CLKPWR_GetPCLK
                0x00004308       0x74 C:\Users\Tolavio\Documents\LPCXpresso_6.1.4_194\workspace\Lib_MCU\Debug\libLib_MCU.a(lpc17xx_clkpwr.o)
                0x00004308                CLKPWR_GetPCLK
 .text.CLKPWR_ConfigPPWR
                0x0000437c       0x78 C:\Users\Tolavio\Documents\LPCXpresso_6.1.4_194\workspace\Lib_MCU\Debug\libLib_MCU.a(lpc17xx_clkpwr.o)
                0x0000437c                CLKPWR_ConfigPPWR
 .text.__sys_write
                0x000043f4        0xc c:/nxp/lpcxpresso_6.1.4_194/lpcxpresso/tools/bin/../lib/gcc/arm-none-eabi/4.6.2/../../../../arm-none-eabi/lib/armv7-m\libcr_semihost.a(__sys_write.o)
                0x000043f4                __sys_write
                0x000043f4                __write
 .text.__main   0x00004400       0x14 c:/nxp/lpcxpresso_6.1.4_194/lpcxpresso/tools/bin/../lib/gcc/arm-none-eabi/4.6.2/../../../../arm-none-eabi/lib/armv7-m\libcr_semihost.a(_cr__main.o)
                0x00004400                __CR_SEMIHOST
                0x00004400                __main
 .text.memcpy   0x00004414        0x4 c:/nxp/lpcxpresso_6.1.4_194/lpcxpresso/tools/bin/../lib/gcc/arm-none-eabi/4.6.2/../../../../arm-none-eabi/lib/armv7-m\libcr_c.a(memcpy.o)
                0x00004414                memcpy
 .text.memset   0x00004418        0x4 c:/nxp/lpcxpresso_6.1.4_194/lpcxpresso/tools/bin/../lib/gcc/arm-none-eabi/4.6.2/../../../../arm-none-eabi/lib/armv7-m\libcr_c.a(memset.o)
                0x00004418                memset
 .text.lose_trailing_zeros
                0x0000441c       0x1e c:/nxp/lpcxpresso_6.1.4_194/lpcxpresso/tools/bin/../lib/gcc/arm-none-eabi/4.6.2/../../../../arm-none-eabi/lib/armv7-m\libcr_c.a(fpprintf.o)
 .text.fp_round
                0x0000443a       0x54 c:/nxp/lpcxpresso_6.1.4_194/lpcxpresso/tools/bin/../lib/gcc/arm-none-eabi/4.6.2/../../../../arm-none-eabi/lib/armv7-m\libcr_c.a(fpprintf.o)
 .text.pr_dec.constprop.1
                0x0000448e       0x22 c:/nxp/lpcxpresso_6.1.4_194/lpcxpresso/tools/bin/../lib/gcc/arm-none-eabi/4.6.2/../../../../arm-none-eabi/lib/armv7-m\libcr_c.a(fpprintf.o)
 .text.sprintf  0x000044b0       0x70 c:/nxp/lpcxpresso_6.1.4_194/lpcxpresso/tools/bin/../lib/gcc/arm-none-eabi/4.6.2/../../../../arm-none-eabi/lib/armv7-m\libcr_c.a(fpprintf.o)
                0x000044b0                sprintf
 .text.fp_display
                0x00004520      0x908 c:/nxp/lpcxpresso_6.1.4_194/lpcxpresso/tools/bin/../lib/gcc/arm-none-eabi/4.6.2/../../../../arm-none-eabi/lib/armv7-m\libcr_c.a(fpprintf.o)
 .text._initio  0x00004e28       0x9c c:/nxp/lpcxpresso_6.1.4_194/lpcxpresso/tools/bin/../lib/gcc/arm-none-eabi/4.6.2/../../../../arm-none-eabi/lib/armv7-m\libcr_c.a(initio.o)
                0x00004e28                _initio
 .text.memcmp   0x00004ec4       0x38 c:/nxp/lpcxpresso_6.1.4_194/lpcxpresso/tools/bin/../lib/gcc/arm-none-eabi/4.6.2/../../../../arm-none-eabi/lib/armv7-m\libcr_c.a(memcmp.o)
                0x00004ec4                memcmp
 .text.__vfprintf
                0x00004efc      0xd54 c:/nxp/lpcxpresso_6.1.4_194/lpcxpresso/tools/bin/../lib/gcc/arm-none-eabi/4.6.2/../../../../arm-none-eabi/lib/armv7-m\libcr_c.a(printf.o)
                0x00004efc                __vfprintf
 .text.setvbuf  0x00005c50       0x48 c:/nxp/lpcxpresso_6.1.4_194/lpcxpresso/tools/bin/../lib/gcc/arm-none-eabi/4.6.2/../../../../arm-none-eabi/lib/armv7-m\libcr_c.a(setvbuf.o)
                0x00005c50                setvbuf
 .text.strcpy   0x00005c98       0x44 c:/nxp/lpcxpresso_6.1.4_194/lpcxpresso/tools/bin/../lib/gcc/arm-none-eabi/4.6.2/../../../../arm-none-eabi/lib/armv7-m\libcr_c.a(strcpy.o)
                0x00005c98                strcpy
 .text.strlen   0x00005cdc       0x4c c:/nxp/lpcxpresso_6.1.4_194/lpcxpresso/tools/bin/../lib/gcc/arm-none-eabi/4.6.2/../../../../arm-none-eabi/lib/armv7-m\libcr_c.a(strlen.o)
                0x00005cdc                strlen
 .text.strncpy  0x00005d28       0x54 c:/nxp/lpcxpresso_6.1.4_194/lpcxpresso/tools/bin/../lib/gcc/arm-none-eabi/4.6.2/../../../../arm-none-eabi/lib/armv7-m\libcr_c.a(strncpy.o)
                0x00005d28                strncpy
 .text._deferredlazyseek
                0x00005d7c       0x44 c:/nxp/lpcxpresso_6.1.4_194/lpcxpresso/tools/bin/../lib/gcc/arm-none-eabi/4.6.2/../../../../arm-none-eabi/lib/armv7-m\libcr_c.a(_deferredlazyseek.o)
                0x00005d7c                _deferredlazyseek
 .text.__flsbuf
                0x00005dc0      0x14e c:/nxp/lpcxpresso_6.1.4_194/lpcxpresso/tools/bin/../lib/gcc/arm-none-eabi/4.6.2/../../../../arm-none-eabi/lib/armv7-m\libcr_c.a(_deferredlazyseek.o)
                0x00005dc0                __flsbuf
 .text._fdopen  0x00005f0e       0x6c c:/nxp/lpcxpresso_6.1.4_194/lpcxpresso/tools/bin/../lib/gcc/arm-none-eabi/4.6.2/../../../../arm-none-eabi/lib/armv7-m\libcr_c.a(_fdopen.o)
                0x00005f0e                _fdopen
 .text._fflush  0x00005f7a       0x58 c:/nxp/lpcxpresso_6.1.4_194/lpcxpresso/tools/bin/../lib/gcc/arm-none-eabi/4.6.2/../../../../arm-none-eabi/lib/armv7-m\libcr_c.a(_fflush.o)
                0x00005f7a                _fflush
 .text._frexpl  0x00005fd2       0x60 c:/nxp/lpcxpresso_6.1.4_194/lpcxpresso/tools/bin/../lib/gcc/arm-none-eabi/4.6.2/../../../../arm-none-eabi/lib/armv7-m\libcr_c.a(_frexpl.o)
                0x00005fd2                _frexpl
 *fill*         0x00006032        0x2 00
 .text._ldexpl  0x00006034       0x50 c:/nxp/lpcxpresso_6.1.4_194/lpcxpresso/tools/bin/../lib/gcc/arm-none-eabi/4.6.2/../../../../arm-none-eabi/lib/armv7-m\libcr_c.a(_ldexpl.o)
                0x00006034                _ldexpl
 .text._Cwritebuf
                0x00006084       0x84 c:/nxp/lpcxpresso_6.1.4_194/lpcxpresso/tools/bin/../lib/gcc/arm-none-eabi/4.6.2/../../../../arm-none-eabi/lib/armv7-m\libcr_c.a(_writebuf.o)
                0x00006084                _Cwritebuf
 .text.malloc   0x00006108       0xbc c:/nxp/lpcxpresso_6.1.4_194/lpcxpresso/tools/bin/../lib/gcc/arm-none-eabi/4.6.2/../../../../arm-none-eabi/lib/armv7-m\libcr_c.a(alloc.o)
                0x00006108                malloc
 .text.free     0x000061c4        0xc c:/nxp/lpcxpresso_6.1.4_194/lpcxpresso/tools/bin/../lib/gcc/arm-none-eabi/4.6.2/../../../../arm-none-eabi/lib/armv7-m\libcr_c.a(alloc.o)
                0x000061c4                free
 .text._Csys_alloc
                0x000061d0       0x20 c:/nxp/lpcxpresso_6.1.4_194/lpcxpresso/tools/bin/../lib/gcc/arm-none-eabi/4.6.2/../../../../arm-none-eabi/lib/armv7-m\libcr_c.a(alloc.o)
                0x000061d0                _Csys_alloc
 .text.fclose   0x000061f0       0x6c c:/nxp/lpcxpresso_6.1.4_194/lpcxpresso/tools/bin/../lib/gcc/arm-none-eabi/4.6.2/../../../../arm-none-eabi/lib/armv7-m\libcr_c.a(fclose.o)
                0x000061f0                fclose
 .text.fflush   0x0000625c       0x34 c:/nxp/lpcxpresso_6.1.4_194/lpcxpresso/tools/bin/../lib/gcc/arm-none-eabi/4.6.2/../../../../arm-none-eabi/lib/armv7-m\libcr_c.a(fflush.o)
                0x0000625c                fflush
 .text.fseek    0x00006290      0x104 c:/nxp/lpcxpresso_6.1.4_194/lpcxpresso/tools/bin/../lib/gcc/arm-none-eabi/4.6.2/../../../../arm-none-eabi/lib/armv7-m\libcr_c.a(fseek.o)
                0x00006290                fseek
 .text.ftell    0x00006394       0x4c c:/nxp/lpcxpresso_6.1.4_194/lpcxpresso/tools/bin/../lib/gcc/arm-none-eabi/4.6.2/../../../../arm-none-eabi/lib/armv7-m\libcr_c.a(ftell.o)
                0x00006394                ftell
 .text.remove   0x000063e0       0x14 c:/nxp/lpcxpresso_6.1.4_194/lpcxpresso/tools/bin/../lib/gcc/arm-none-eabi/4.6.2/../../../../arm-none-eabi/lib/armv7-m\libcr_c.a(remove.o)
                0x000063e0                remove
 .text._do_fflush
                0x000063f4       0x42 c:/nxp/lpcxpresso_6.1.4_194/lpcxpresso/tools/bin/../lib/gcc/arm-none-eabi/4.6.2/../../../../arm-none-eabi/lib/armv7-m\libcr_c.a(_do_fflush.o)
                0x000063f4                _do_fflush
 *fill*         0x00006436        0x2 00
 .text.__aeabi_dmul
                0x00006438      0x138 c:/nxp/lpcxpresso_6.1.4_194/lpcxpresso/tools/bin/../lib/gcc/arm-none-eabi/4.6.2/armv7-m\libcr_eabihelpers.a(double.o)
                0x00006438                __aeabi_dmul
 .text.__aeabi_ddiv
                0x00006570      0x168 c:/nxp/lpcxpresso_6.1.4_194/lpcxpresso/tools/bin/../lib/gcc/arm-none-eabi/4.6.2/armv7-m\libcr_eabihelpers.a(double.o)
                0x00006570                __aeabi_ddiv
 .text.__aeabi_dsub
                0x000066d8      0x1f4 c:/nxp/lpcxpresso_6.1.4_194/lpcxpresso/tools/bin/../lib/gcc/arm-none-eabi/4.6.2/armv7-m\libcr_eabihelpers.a(double.o)
                0x000066d8                __aeabi_dsub
 .text.__aeabi_dadd
                0x000068cc      0x154 c:/nxp/lpcxpresso_6.1.4_194/lpcxpresso/tools/bin/../lib/gcc/arm-none-eabi/4.6.2/armv7-m\libcr_eabihelpers.a(double.o)
                0x000068cc                __aeabi_dadd
 .text.__aeabi_d2iz
                0x00006a20       0x40 c:/nxp/lpcxpresso_6.1.4_194/lpcxpresso/tools/bin/../lib/gcc/arm-none-eabi/4.6.2/armv7-m\libcr_eabihelpers.a(double.o)
                0x00006a20                __aeabi_d2iz
 .text.__bhs_ui2d
                0x00006a60       0x5c c:/nxp/lpcxpresso_6.1.4_194/lpcxpresso/tools/bin/../lib/gcc/arm-none-eabi/4.6.2/armv7-m\libcr_eabihelpers.a(double.o)
                0x00006a60                __bhs_ui2d
 .text.__aeabi_i2d
                0x00006abc       0x10 c:/nxp/lpcxpresso_6.1.4_194/lpcxpresso/tools/bin/../lib/gcc/arm-none-eabi/4.6.2/armv7-m\libcr_eabihelpers.a(double.o)
                0x00006abc                __aeabi_i2d
 .text.__aeabi_dcmpeq
                0x00006acc       0x3c c:/nxp/lpcxpresso_6.1.4_194/lpcxpresso/tools/bin/../lib/gcc/arm-none-eabi/4.6.2/armv7-m\libcr_eabihelpers.a(double.o)
                0x00006acc                __aeabi_dcmpeq
 .text.__aeabi_dcmplt
                0x00006b08       0x5c c:/nxp/lpcxpresso_6.1.4_194/lpcxpresso/tools/bin/../lib/gcc/arm-none-eabi/4.6.2/armv7-m\libcr_eabihelpers.a(double.o)
                0x00006b08                __aeabi_dcmplt
 .text.__aeabi_dcmple
                0x00006b64       0x58 c:/nxp/lpcxpresso_6.1.4_194/lpcxpresso/tools/bin/../lib/gcc/arm-none-eabi/4.6.2/armv7-m\libcr_eabihelpers.a(double.o)
                0x00006b64                __aeabi_dcmple
 .text.__aeabi_dcmpge
                0x00006bbc       0x5c c:/nxp/lpcxpresso_6.1.4_194/lpcxpresso/tools/bin/../lib/gcc/arm-none-eabi/4.6.2/armv7-m\libcr_eabihelpers.a(double.o)
                0x00006bbc                __aeabi_dcmpge
 .text.__aeabi_memcpy
                0x00006c18       0x26 c:/nxp/lpcxpresso_6.1.4_194/lpcxpresso/tools/bin/../lib/gcc/arm-none-eabi/4.6.2/armv7-m\libcr_eabihelpers.a(memcpy.o)
                0x00006c18                __aeabi_memcpy4
                0x00006c18                __aeabi_memcpy8
                0x00006c18                __aeabi_memcpy
 .text.__aeabi_memset_lowlevel
                0x00006c3e       0x24 c:/nxp/lpcxpresso_6.1.4_194/lpcxpresso/tools/bin/../lib/gcc/arm-none-eabi/4.6.2/armv7-m\libcr_eabihelpers.a(memcpy.o)
                0x00006c3e                __aeabi_lowlevel_memset
 *fill*         0x00006c62        0x2 00
 .text.__sys_appexit
                0x00006c64        0xc c:/nxp/lpcxpresso_6.1.4_194/lpcxpresso/tools/bin/../lib/gcc/arm-none-eabi/4.6.2/../../../../arm-none-eabi/lib/armv7-m\libcr_semihost.a(__sys_appexit.o)
                0x00006c64                __sys_appexit
                0x00006c64                __exit
 .text.__sys_close
                0x00006c70        0xc c:/nxp/lpcxpresso_6.1.4_194/lpcxpresso/tools/bin/../lib/gcc/arm-none-eabi/4.6.2/../../../../arm-none-eabi/lib/armv7-m\libcr_semihost.a(__sys_close.o)
                0x00006c70                __sys_close
 .text.__sys_flen
                0x00006c7c        0xc c:/nxp/lpcxpresso_6.1.4_194/lpcxpresso/tools/bin/../lib/gcc/arm-none-eabi/4.6.2/../../../../arm-none-eabi/lib/armv7-m\libcr_semihost.a(__sys_flen.o)
                0x00006c7c                __sys_flen
 .text.__sys_istty
                0x00006c88        0xc c:/nxp/lpcxpresso_6.1.4_194/lpcxpresso/tools/bin/../lib/gcc/arm-none-eabi/4.6.2/../../../../arm-none-eabi/lib/armv7-m\libcr_semihost.a(__sys_istty.o)
                0x00006c88                __sys_istty
 .text.__sys_remove
                0x00006c94        0xc c:/nxp/lpcxpresso_6.1.4_194/lpcxpresso/tools/bin/../lib/gcc/arm-none-eabi/4.6.2/../../../../arm-none-eabi/lib/armv7-m\libcr_semihost.a(__sys_remove.o)
                0x00006c94                __sys_remove
 .text.__sys_seek
                0x00006ca0        0xc c:/nxp/lpcxpresso_6.1.4_194/lpcxpresso/tools/bin/../lib/gcc/arm-none-eabi/4.6.2/../../../../arm-none-eabi/lib/armv7-m\libcr_semihost.a(__sys_seek.o)
                0x00006ca0                __sys_seek
 .text.__sys_tmpnam
                0x00006cac        0xc c:/nxp/lpcxpresso_6.1.4_194/lpcxpresso/tools/bin/../lib/gcc/arm-none-eabi/4.6.2/../../../../arm-none-eabi/lib/armv7-m\libcr_semihost.a(__sys_tmpnam.o)
                0x00006cac                __sys_tmpnam
 .text._sbrk    0x00006cb8       0x40 c:/nxp/lpcxpresso_6.1.4_194/lpcxpresso/tools/bin/../lib/gcc/arm-none-eabi/4.6.2/../../../../arm-none-eabi/lib/armv7-m\libcr_semihost.a(_cr_sbrk.o)
                0x00006cb8                _sbrk
 .text.__check_heap_overflow
                0x00006cf8       0x2c c:/nxp/lpcxpresso_6.1.4_194/lpcxpresso/tools/bin/../lib/gcc/arm-none-eabi/4.6.2/../../../../arm-none-eabi/lib/armv7-m\libcr_semihost.a(_cr_check_heap.o)
                0x00006cf8                __check_heap_overflow
 *(.rodata .rodata.* .constdata .constdata.*)
 .rodata        0x00006d24       0xb8 ./main.o
 .rodata.str1.4
                0x00006ddc        0x8 C:\Users\Tolavio\Documents\Inatel\P9\EC020\Rtos\source-code-for-LPC17xx-examples\FreeRTOS_Source\Debug\libFreeRTOS_Library.a(basic_io.o)
 .rodata        0x00006de4       0x14 C:\Users\Tolavio\Documents\Inatel\P9\EC020\Rtos\source-code-for-LPC17xx-examples\FreeRTOS_Source\Debug\libFreeRTOS_Library.a(tasks.o)
 .rodata.str1.4
                0x00006df8        0x8 C:\Users\Tolavio\Documents\Inatel\P9\EC020\Rtos\source-code-for-LPC17xx-examples\FreeRTOS_Source\Debug\libFreeRTOS_Library.a(tasks.o)
 .rodata        0x00006e00        0x8 C:\Users\Tolavio\Documents\LPCXpresso_6.1.4_194\workspace\Lib_EaBaseBoard\Debug\libLib_EaBaseBoard.a(oled.o)
 .rodata        0x00006e08      0x300 C:\Users\Tolavio\Documents\LPCXpresso_6.1.4_194\workspace\Lib_EaBaseBoard\Debug\libLib_EaBaseBoard.a(font5x7.o)
                0x00006e08                font5x7
 .rodata        0x00007108       0x18 C:\Users\Tolavio\Documents\LPCXpresso_6.1.4_194\workspace\Lib_MCU\Debug\libLib_MCU.a(lpc17xx_i2c.o)
 .rodata        0x00007120       0x18 C:\Users\Tolavio\Documents\LPCXpresso_6.1.4_194\workspace\Lib_MCU\Debug\libLib_MCU.a(lpc17xx_ssp.o)
 .rodata.str1.1
                0x00007138       0x34 c:/nxp/lpcxpresso_6.1.4_194/lpcxpresso/tools/bin/../lib/gcc/arm-none-eabi/4.6.2/../../../../arm-none-eabi/lib/armv7-m\libcr_c.a(fpprintf.o)
                                 0x35 (size before relaxing)
 .rodata.str1.1
                0x0000716c        0x4 c:/nxp/lpcxpresso_6.1.4_194/lpcxpresso/tools/bin/../lib/gcc/arm-none-eabi/4.6.2/../../../../arm-none-eabi/lib/armv7-m\libcr_c.a(initio.o)
 .rodata.str1.1
                0x00007170       0x31 c:/nxp/lpcxpresso_6.1.4_194/lpcxpresso/tools/bin/../lib/gcc/arm-none-eabi/4.6.2/../../../../arm-none-eabi/lib/armv7-m\libcr_c.a(printf.o)
                                 0x38 (size before relaxing)
 .rodata.str1.1
                0x000071a1       0x18 c:/nxp/lpcxpresso_6.1.4_194/lpcxpresso/tools/bin/../lib/gcc/arm-none-eabi/4.6.2/../../../../arm-none-eabi/lib/armv7-m\libcr_c.a(alloc.o)
 *fill*         0x000071b9        0x7 00
 .rodata.__huge_vall
                0x000071c0        0x8 c:/nxp/lpcxpresso_6.1.4_194/lpcxpresso/tools/bin/../lib/gcc/arm-none-eabi/4.6.2/../../../../arm-none-eabi/lib/armv7-m\libcr_c.a(_hugeval.o)
                0x000071c0                __huge_vall
                0x000071c8                . = ALIGN (0x4)

.glue_7         0x000071c8        0x0
 .glue_7        0x00000000        0x0 linker stubs

.glue_7t        0x000071c8        0x0
 .glue_7t       0x00000000        0x0 linker stubs

.vfp11_veneer   0x000071c8        0x0
 .vfp11_veneer  0x00000000        0x0 linker stubs

.v4_bx          0x000071c8        0x0
 .v4_bx         0x00000000        0x0 linker stubs

.ARM.extab
 *(.ARM.extab* .gnu.linkonce.armextab.*)
                0x000071c8                __exidx_start = .

.ARM.exidx
 *(.ARM.exidx* .gnu.linkonce.armexidx.*)
                0x000071c8                __exidx_end = .
                0x000071c8                _etext = .

.data_RAM2      0x2007c000        0x0 load address 0x000071c8
 FILL mask 0xff
 *(.data.$RAM2*)
 *(.data.$RamAHB32*)
                0x2007c000                . = ALIGN (0x4)

.uninit_RESERVED
                0x10000000        0x0
 *(.bss.$RESERVED*)
                0x10000000                . = ALIGN (0x4)
                0x10000000                _end_uninit_RESERVED = .

.data           0x10000000       0x18 load address 0x000071c8
 FILL mask 0xff
                0x10000000                _data = .
 *(vtable)
 *(.data*)
 .data          0x10000000        0x4 ./main.o
 .data          0x10000004        0x8 ./sensor_luz.o
 .data          0x1000000c        0x4 C:\Users\Tolavio\Documents\Inatel\P9\EC020\Rtos\source-code-for-LPC17xx-examples\CMSISv1p30_LPC17xx\Debug\libCMSISv1p30_LPC17xx.a(system_LPC17xx.o)
                0x1000000c                SystemCoreClock
 .data          0x10000010        0x4 C:\Users\Tolavio\Documents\Inatel\P9\EC020\Rtos\source-code-for-LPC17xx-examples\FreeRTOS_Source\Debug\libFreeRTOS_Library.a(port.o)
 .data          0x10000014        0x4 C:\Users\Tolavio\Documents\Inatel\P9\EC020\Rtos\source-code-for-LPC17xx-examples\FreeRTOS_Source\Debug\libFreeRTOS_Library.a(heap_2.o)
                0x10000018                . = ALIGN (0x4)
                0x10000018                _edata = .

.bss_RAM2       0x2007c000        0x0
 *(.bss.$RAM2*)
 *(.bss.$RamAHB32*)
                0x2007c000                . = ALIGN (0x4)

.bss            0x10000018     0x2df8
                0x10000018                _bss = .
 *(.bss*)
 .bss           0x10000018       0x10 ./main.o
                0x10000018                acorda
 .bss           0x10000028       0x34 C:\Users\Tolavio\Documents\Inatel\P9\EC020\Rtos\source-code-for-LPC17xx-examples\FreeRTOS_Source\Debug\libFreeRTOS_Library.a(basic_io.o)
 .bss           0x1000005c      0x100 C:\Users\Tolavio\Documents\Inatel\P9\EC020\Rtos\source-code-for-LPC17xx-examples\FreeRTOS_Source\Debug\libFreeRTOS_Library.a(tasks.o)
                0x10000060                pxCurrentTCB
 *fill*         0x1000015c        0x4 00
 .bss           0x10000160     0x2818 C:\Users\Tolavio\Documents\Inatel\P9\EC020\Rtos\source-code-for-LPC17xx-examples\FreeRTOS_Source\Debug\libFreeRTOS_Library.a(heap_2.o)
 .bss           0x10002978      0x300 C:\Users\Tolavio\Documents\LPCXpresso_6.1.4_194\workspace\Lib_EaBaseBoard\Debug\libLib_EaBaseBoard.a(oled.o)
 .bss           0x10002c78       0x24 C:\Users\Tolavio\Documents\LPCXpresso_6.1.4_194\workspace\Lib_MCU\Debug\libLib_MCU.a(lpc17xx_i2c.o)
 .bss           0x10002c9c       0x18 C:\Users\Tolavio\Documents\LPCXpresso_6.1.4_194\workspace\Lib_MCU\Debug\libLib_MCU.a(lpc17xx_ssp.o)
 .bss.errno     0x10002cb4        0x4 c:/nxp/lpcxpresso_6.1.4_194/lpcxpresso/tools/bin/../lib/gcc/arm-none-eabi/4.6.2/../../../../arm-none-eabi/lib/armv7-m\libcr_c.a(errno.o)
                0x10002cb4                errno
 *(COMMON)
 COMMON         0x10002cb8        0x4 ./main.o
                0x10002cb8                xQueue
 COMMON         0x10002cbc        0x8 ./sensor_luz.o
                0x10002cbc                Class_luz
 COMMON         0x10002cc4        0x4 c:/nxp/lpcxpresso_6.1.4_194/lpcxpresso/tools/bin/../lib/gcc/arm-none-eabi/4.6.2/../../../../arm-none-eabi/lib/armv7-m\libcr_c.a(initio.o)
                0x10002cc4                _extra
 COMMON         0x10002cc8      0x140 c:/nxp/lpcxpresso_6.1.4_194/lpcxpresso/tools/bin/../lib/gcc/arm-none-eabi/4.6.2/../../../../arm-none-eabi/lib/armv7-m\libcr_c.a(stdio.o)
                0x10002cc8                __Ciob
 COMMON         0x10002e08        0x8 c:/nxp/lpcxpresso_6.1.4_194/lpcxpresso/tools/bin/../lib/gcc/arm-none-eabi/4.6.2/../../../../arm-none-eabi/lib/armv7-m\libcr_c.a(__init_alloc.o)
                0x10002e08                __heaps
                0x10002e0c                __end_of_heap
                0x10002e10                . = ALIGN (0x4)
                0x10002e10                _ebss = .
                0x10002e10                PROVIDE (end, .)

.noinit_RAM2    0x2007c000        0x0
 *(.noinit.$RAM2*)
 *(.noinit.$RamAHB32*)
                0x2007c000                . = ALIGN (0x4)

.noinit         0x10002e10        0x0
                0x10002e10                _noinit = .
 *(.noinit*)
                0x10002e10                . = ALIGN (0x4)
                0x10002e10                _end_noinit = .
                0x10002e10                PROVIDE (_pvHeapStart, .)
                0x10008000                PROVIDE (_vStackTop, (__top_RamLoc32 - 0x0))
OUTPUT(Example10.axf elf32-littlearm)

.debug_info     0x00000000     0x75ae
 .debug_info    0x00000000      0x210 ./cr_startup_lpc17.o
 .debug_info    0x00000210      0x53e ./main.o
 .debug_info    0x0000074e      0xb51 ./sensor_luz.o
 .debug_info    0x0000129f      0x385 C:\Users\Tolavio\Documents\Inatel\P9\EC020\Rtos\source-code-for-LPC17xx-examples\CMSISv1p30_LPC17xx\Debug\libCMSISv1p30_LPC17xx.a(system_LPC17xx.o)
 .debug_info    0x00001624      0x220 C:\Users\Tolavio\Documents\Inatel\P9\EC020\Rtos\source-code-for-LPC17xx-examples\FreeRTOS_Source\Debug\libFreeRTOS_Library.a(port.o)
 .debug_info    0x00001844      0x12c C:\Users\Tolavio\Documents\Inatel\P9\EC020\Rtos\source-code-for-LPC17xx-examples\FreeRTOS_Source\Debug\libFreeRTOS_Library.a(basic_io.o)
 .debug_info    0x00001970       0xaa C:\Users\Tolavio\Documents\Inatel\P9\EC020\Rtos\source-code-for-LPC17xx-examples\FreeRTOS_Source\Debug\libFreeRTOS_Library.a(consoleprint.o)
 .debug_info    0x00001a1a      0x814 C:\Users\Tolavio\Documents\Inatel\P9\EC020\Rtos\source-code-for-LPC17xx-examples\FreeRTOS_Source\Debug\libFreeRTOS_Library.a(queue.o)
 .debug_info    0x0000222e      0xe7c C:\Users\Tolavio\Documents\Inatel\P9\EC020\Rtos\source-code-for-LPC17xx-examples\FreeRTOS_Source\Debug\libFreeRTOS_Library.a(tasks.o)
 .debug_info    0x000030aa      0x2ef C:\Users\Tolavio\Documents\Inatel\P9\EC020\Rtos\source-code-for-LPC17xx-examples\FreeRTOS_Source\Debug\libFreeRTOS_Library.a(heap_2.o)
 .debug_info    0x00003399      0x2c5 C:\Users\Tolavio\Documents\Inatel\P9\EC020\Rtos\source-code-for-LPC17xx-examples\FreeRTOS_Source\Debug\libFreeRTOS_Library.a(list.o)
 .debug_info    0x0000365e      0x989 C:\Users\Tolavio\Documents\LPCXpresso_6.1.4_194\workspace\Lib_EaBaseBoard\Debug\libLib_EaBaseBoard.a(oled.o)
 .debug_info    0x00003fe7       0x65 C:\Users\Tolavio\Documents\LPCXpresso_6.1.4_194\workspace\Lib_EaBaseBoard\Debug\libLib_EaBaseBoard.a(font5x7.o)
 .debug_info    0x0000404c      0xb95 C:\Users\Tolavio\Documents\LPCXpresso_6.1.4_194\workspace\Lib_MCU\Debug\libLib_MCU.a(lpc17xx_gpio.o)
 .debug_info    0x00004be1      0xcc3 C:\Users\Tolavio\Documents\LPCXpresso_6.1.4_194\workspace\Lib_MCU\Debug\libLib_MCU.a(lpc17xx_i2c.o)
 .debug_info    0x000058a4       0xcd C:\Users\Tolavio\Documents\LPCXpresso_6.1.4_194\workspace\Lib_MCU\Debug\libLib_MCU.a(lpc17xx_libcfg_default.o)
 .debug_info    0x00005971      0x4b1 C:\Users\Tolavio\Documents\LPCXpresso_6.1.4_194\workspace\Lib_MCU\Debug\libLib_MCU.a(lpc17xx_pinsel.o)
 .debug_info    0x00005e22      0x867 C:\Users\Tolavio\Documents\LPCXpresso_6.1.4_194\workspace\Lib_MCU\Debug\libLib_MCU.a(lpc17xx_ssp.o)
 .debug_info    0x00006689      0x8e4 C:\Users\Tolavio\Documents\LPCXpresso_6.1.4_194\workspace\Lib_MCU\Debug\libLib_MCU.a(lpc17xx_timer.o)
 .debug_info    0x00006f6d      0x641 C:\Users\Tolavio\Documents\LPCXpresso_6.1.4_194\workspace\Lib_MCU\Debug\libLib_MCU.a(lpc17xx_clkpwr.o)

.debug_abbrev   0x00000000     0x1af6
 .debug_abbrev  0x00000000       0xb4 ./cr_startup_lpc17.o
 .debug_abbrev  0x000000b4      0x1ab ./main.o
 .debug_abbrev  0x0000025f      0x231 ./sensor_luz.o
 .debug_abbrev  0x00000490       0xce C:\Users\Tolavio\Documents\Inatel\P9\EC020\Rtos\source-code-for-LPC17xx-examples\CMSISv1p30_LPC17xx\Debug\libCMSISv1p30_LPC17xx.a(system_LPC17xx.o)
 .debug_abbrev  0x0000055e      0x141 C:\Users\Tolavio\Documents\Inatel\P9\EC020\Rtos\source-code-for-LPC17xx-examples\FreeRTOS_Source\Debug\libFreeRTOS_Library.a(port.o)
 .debug_abbrev  0x0000069f       0x9b C:\Users\Tolavio\Documents\Inatel\P9\EC020\Rtos\source-code-for-LPC17xx-examples\FreeRTOS_Source\Debug\libFreeRTOS_Library.a(basic_io.o)
 .debug_abbrev  0x0000073a       0x7b C:\Users\Tolavio\Documents\Inatel\P9\EC020\Rtos\source-code-for-LPC17xx-examples\FreeRTOS_Source\Debug\libFreeRTOS_Library.a(consoleprint.o)
 .debug_abbrev  0x000007b5      0x1b3 C:\Users\Tolavio\Documents\Inatel\P9\EC020\Rtos\source-code-for-LPC17xx-examples\FreeRTOS_Source\Debug\libFreeRTOS_Library.a(queue.o)
 .debug_abbrev  0x00000968      0x2b1 C:\Users\Tolavio\Documents\Inatel\P9\EC020\Rtos\source-code-for-LPC17xx-examples\FreeRTOS_Source\Debug\libFreeRTOS_Library.a(tasks.o)
 .debug_abbrev  0x00000c19      0x19e C:\Users\Tolavio\Documents\Inatel\P9\EC020\Rtos\source-code-for-LPC17xx-examples\FreeRTOS_Source\Debug\libFreeRTOS_Library.a(heap_2.o)
 .debug_abbrev  0x00000db7       0xda C:\Users\Tolavio\Documents\Inatel\P9\EC020\Rtos\source-code-for-LPC17xx-examples\FreeRTOS_Source\Debug\libFreeRTOS_Library.a(list.o)
 .debug_abbrev  0x00000e91      0x1f1 C:\Users\Tolavio\Documents\LPCXpresso_6.1.4_194\workspace\Lib_EaBaseBoard\Debug\libLib_EaBaseBoard.a(oled.o)
 .debug_abbrev  0x00001082       0x4b C:\Users\Tolavio\Documents\LPCXpresso_6.1.4_194\workspace\Lib_EaBaseBoard\Debug\libLib_EaBaseBoard.a(font5x7.o)
 .debug_abbrev  0x000010cd      0x185 C:\Users\Tolavio\Documents\LPCXpresso_6.1.4_194\workspace\Lib_MCU\Debug\libLib_MCU.a(lpc17xx_gpio.o)
 .debug_abbrev  0x00001252      0x24a C:\Users\Tolavio\Documents\LPCXpresso_6.1.4_194\workspace\Lib_MCU\Debug\libLib_MCU.a(lpc17xx_i2c.o)
 .debug_abbrev  0x0000149c       0x6a C:\Users\Tolavio\Documents\LPCXpresso_6.1.4_194\workspace\Lib_MCU\Debug\libLib_MCU.a(lpc17xx_libcfg_default.o)
 .debug_abbrev  0x00001506      0x10a C:\Users\Tolavio\Documents\LPCXpresso_6.1.4_194\workspace\Lib_MCU\Debug\libLib_MCU.a(lpc17xx_pinsel.o)
 .debug_abbrev  0x00001610      0x1d3 C:\Users\Tolavio\Documents\LPCXpresso_6.1.4_194\workspace\Lib_MCU\Debug\libLib_MCU.a(lpc17xx_ssp.o)
 .debug_abbrev  0x000017e3      0x19f C:\Users\Tolavio\Documents\LPCXpresso_6.1.4_194\workspace\Lib_MCU\Debug\libLib_MCU.a(lpc17xx_timer.o)
 .debug_abbrev  0x00001982      0x174 C:\Users\Tolavio\Documents\LPCXpresso_6.1.4_194\workspace\Lib_MCU\Debug\libLib_MCU.a(lpc17xx_clkpwr.o)

.debug_loc      0x00000000     0x3427
 .debug_loc     0x00000000      0x1f0 ./cr_startup_lpc17.o
 .debug_loc     0x000001f0      0x1d4 ./main.o
 .debug_loc     0x000003c4      0x2e4 ./sensor_luz.o
 .debug_loc     0x000006a8       0x58 C:\Users\Tolavio\Documents\Inatel\P9\EC020\Rtos\source-code-for-LPC17xx-examples\CMSISv1p30_LPC17xx\Debug\libCMSISv1p30_LPC17xx.a(system_LPC17xx.o)
 .debug_loc     0x00000700       0x94 C:\Users\Tolavio\Documents\Inatel\P9\EC020\Rtos\source-code-for-LPC17xx-examples\FreeRTOS_Source\Debug\libFreeRTOS_Library.a(port.o)
 .debug_loc     0x00000794       0x9a C:\Users\Tolavio\Documents\Inatel\P9\EC020\Rtos\source-code-for-LPC17xx-examples\FreeRTOS_Source\Debug\libFreeRTOS_Library.a(basic_io.o)
 .debug_loc     0x0000082e       0x5c C:\Users\Tolavio\Documents\Inatel\P9\EC020\Rtos\source-code-for-LPC17xx-examples\FreeRTOS_Source\Debug\libFreeRTOS_Library.a(consoleprint.o)
 .debug_loc     0x0000088a      0x68c C:\Users\Tolavio\Documents\Inatel\P9\EC020\Rtos\source-code-for-LPC17xx-examples\FreeRTOS_Source\Debug\libFreeRTOS_Library.a(queue.o)
 .debug_loc     0x00000f16      0xa90 C:\Users\Tolavio\Documents\Inatel\P9\EC020\Rtos\source-code-for-LPC17xx-examples\FreeRTOS_Source\Debug\libFreeRTOS_Library.a(tasks.o)
 .debug_loc     0x000019a6      0x201 C:\Users\Tolavio\Documents\Inatel\P9\EC020\Rtos\source-code-for-LPC17xx-examples\FreeRTOS_Source\Debug\libFreeRTOS_Library.a(heap_2.o)
 .debug_loc     0x00001ba7       0x4a C:\Users\Tolavio\Documents\Inatel\P9\EC020\Rtos\source-code-for-LPC17xx-examples\FreeRTOS_Source\Debug\libFreeRTOS_Library.a(list.o)
 .debug_loc     0x00001bf1      0x33e C:\Users\Tolavio\Documents\LPCXpresso_6.1.4_194\workspace\Lib_EaBaseBoard\Debug\libLib_EaBaseBoard.a(oled.o)
 .debug_loc     0x00001f2f      0x4d0 C:\Users\Tolavio\Documents\LPCXpresso_6.1.4_194\workspace\Lib_MCU\Debug\libLib_MCU.a(lpc17xx_gpio.o)
 .debug_loc     0x000023ff      0x4e4 C:\Users\Tolavio\Documents\LPCXpresso_6.1.4_194\workspace\Lib_MCU\Debug\libLib_MCU.a(lpc17xx_i2c.o)
 .debug_loc     0x000028e3       0x38 C:\Users\Tolavio\Documents\LPCXpresso_6.1.4_194\workspace\Lib_MCU\Debug\libLib_MCU.a(lpc17xx_libcfg_default.o)
 .debug_loc     0x0000291b      0x150 C:\Users\Tolavio\Documents\LPCXpresso_6.1.4_194\workspace\Lib_MCU\Debug\libLib_MCU.a(lpc17xx_pinsel.o)
 .debug_loc     0x00002a6b      0x448 C:\Users\Tolavio\Documents\LPCXpresso_6.1.4_194\workspace\Lib_MCU\Debug\libLib_MCU.a(lpc17xx_ssp.o)
 .debug_loc     0x00002eb3      0x3b8 C:\Users\Tolavio\Documents\LPCXpresso_6.1.4_194\workspace\Lib_MCU\Debug\libLib_MCU.a(lpc17xx_timer.o)
 .debug_loc     0x0000326b      0x1bc C:\Users\Tolavio\Documents\LPCXpresso_6.1.4_194\workspace\Lib_MCU\Debug\libLib_MCU.a(lpc17xx_clkpwr.o)

.debug_aranges  0x00000000      0x6a8
 .debug_aranges
                0x00000000       0x70 ./cr_startup_lpc17.o
 .debug_aranges
                0x00000070       0x60 ./main.o
 .debug_aranges
                0x000000d0       0x88 ./sensor_luz.o
 .debug_aranges
                0x00000158       0x28 C:\Users\Tolavio\Documents\Inatel\P9\EC020\Rtos\source-code-for-LPC17xx-examples\CMSISv1p30_LPC17xx\Debug\libCMSISv1p30_LPC17xx.a(system_LPC17xx.o)
 .debug_aranges
                0x00000180       0x20 C:\Users\Tolavio\Documents\Inatel\P9\EC020\Rtos\source-code-for-LPC17xx-examples\FreeRTOS_Source\Debug\libFreeRTOS_Library.a(port.o)
 .debug_aranges
                0x000001a0       0x20 C:\Users\Tolavio\Documents\Inatel\P9\EC020\Rtos\source-code-for-LPC17xx-examples\FreeRTOS_Source\Debug\libFreeRTOS_Library.a(basic_io.o)
 .debug_aranges
                0x000001c0       0x20 C:\Users\Tolavio\Documents\Inatel\P9\EC020\Rtos\source-code-for-LPC17xx-examples\FreeRTOS_Source\Debug\libFreeRTOS_Library.a(consoleprint.o)
 .debug_aranges
                0x000001e0       0x20 C:\Users\Tolavio\Documents\Inatel\P9\EC020\Rtos\source-code-for-LPC17xx-examples\FreeRTOS_Source\Debug\libFreeRTOS_Library.a(queue.o)
 .debug_aranges
                0x00000200       0x20 C:\Users\Tolavio\Documents\Inatel\P9\EC020\Rtos\source-code-for-LPC17xx-examples\FreeRTOS_Source\Debug\libFreeRTOS_Library.a(tasks.o)
 .debug_aranges
                0x00000220       0x20 C:\Users\Tolavio\Documents\Inatel\P9\EC020\Rtos\source-code-for-LPC17xx-examples\FreeRTOS_Source\Debug\libFreeRTOS_Library.a(heap_2.o)
 .debug_aranges
                0x00000240       0x20 C:\Users\Tolavio\Documents\Inatel\P9\EC020\Rtos\source-code-for-LPC17xx-examples\FreeRTOS_Source\Debug\libFreeRTOS_Library.a(list.o)
 .debug_aranges
                0x00000260       0x90 C:\Users\Tolavio\Documents\LPCXpresso_6.1.4_194\workspace\Lib_EaBaseBoard\Debug\libLib_EaBaseBoard.a(oled.o)
 .debug_aranges
                0x000002f0       0xc8 C:\Users\Tolavio\Documents\LPCXpresso_6.1.4_194\workspace\Lib_MCU\Debug\libLib_MCU.a(lpc17xx_gpio.o)
 .debug_aranges
                0x000003b8       0xd0 C:\Users\Tolavio\Documents\LPCXpresso_6.1.4_194\workspace\Lib_MCU\Debug\libLib_MCU.a(lpc17xx_i2c.o)
 .debug_aranges
                0x00000488       0x20 C:\Users\Tolavio\Documents\LPCXpresso_6.1.4_194\workspace\Lib_MCU\Debug\libLib_MCU.a(lpc17xx_libcfg_default.o)
 .debug_aranges
                0x000004a8       0x48 C:\Users\Tolavio\Documents\LPCXpresso_6.1.4_194\workspace\Lib_MCU\Debug\libLib_MCU.a(lpc17xx_pinsel.o)
 .debug_aranges
                0x000004f0       0xb8 C:\Users\Tolavio\Documents\LPCXpresso_6.1.4_194\workspace\Lib_MCU\Debug\libLib_MCU.a(lpc17xx_ssp.o)
 .debug_aranges
                0x000005a8       0xa0 C:\Users\Tolavio\Documents\LPCXpresso_6.1.4_194\workspace\Lib_MCU\Debug\libLib_MCU.a(lpc17xx_timer.o)
 .debug_aranges
                0x00000648       0x60 C:\Users\Tolavio\Documents\LPCXpresso_6.1.4_194\workspace\Lib_MCU\Debug\libLib_MCU.a(lpc17xx_clkpwr.o)

.debug_ranges   0x00000000      0x580
 .debug_ranges  0x00000000       0x60 ./cr_startup_lpc17.o
 .debug_ranges  0x00000060       0x50 ./main.o
 .debug_ranges  0x000000b0       0x78 ./sensor_luz.o
 .debug_ranges  0x00000128       0x18 C:\Users\Tolavio\Documents\Inatel\P9\EC020\Rtos\source-code-for-LPC17xx-examples\CMSISv1p30_LPC17xx\Debug\libCMSISv1p30_LPC17xx.a(system_LPC17xx.o)
 .debug_ranges  0x00000140       0x78 C:\Users\Tolavio\Documents\Inatel\P9\EC020\Rtos\source-code-for-LPC17xx-examples\FreeRTOS_Source\Debug\libFreeRTOS_Library.a(tasks.o)
 .debug_ranges  0x000001b8       0x80 C:\Users\Tolavio\Documents\LPCXpresso_6.1.4_194\workspace\Lib_EaBaseBoard\Debug\libLib_EaBaseBoard.a(oled.o)
 .debug_ranges  0x00000238       0xb8 C:\Users\Tolavio\Documents\LPCXpresso_6.1.4_194\workspace\Lib_MCU\Debug\libLib_MCU.a(lpc17xx_gpio.o)
 .debug_ranges  0x000002f0       0xc0 C:\Users\Tolavio\Documents\LPCXpresso_6.1.4_194\workspace\Lib_MCU\Debug\libLib_MCU.a(lpc17xx_i2c.o)
 .debug_ranges  0x000003b0       0x10 C:\Users\Tolavio\Documents\LPCXpresso_6.1.4_194\workspace\Lib_MCU\Debug\libLib_MCU.a(lpc17xx_libcfg_default.o)
 .debug_ranges  0x000003c0       0x38 C:\Users\Tolavio\Documents\LPCXpresso_6.1.4_194\workspace\Lib_MCU\Debug\libLib_MCU.a(lpc17xx_pinsel.o)
 .debug_ranges  0x000003f8       0xa8 C:\Users\Tolavio\Documents\LPCXpresso_6.1.4_194\workspace\Lib_MCU\Debug\libLib_MCU.a(lpc17xx_ssp.o)
 .debug_ranges  0x000004a0       0x90 C:\Users\Tolavio\Documents\LPCXpresso_6.1.4_194\workspace\Lib_MCU\Debug\libLib_MCU.a(lpc17xx_timer.o)
 .debug_ranges  0x00000530       0x50 C:\Users\Tolavio\Documents\LPCXpresso_6.1.4_194\workspace\Lib_MCU\Debug\libLib_MCU.a(lpc17xx_clkpwr.o)

.debug_line     0x00000000     0x707b
 .debug_line    0x00000000      0x472 ./cr_startup_lpc17.o
 .debug_line    0x00000472      0x79f ./main.o
 .debug_line    0x00000c11      0x58f ./sensor_luz.o
 .debug_line    0x000011a0      0x427 C:\Users\Tolavio\Documents\Inatel\P9\EC020\Rtos\source-code-for-LPC17xx-examples\CMSISv1p30_LPC17xx\Debug\libCMSISv1p30_LPC17xx.a(system_LPC17xx.o)
 .debug_line    0x000015c7      0x541 C:\Users\Tolavio\Documents\Inatel\P9\EC020\Rtos\source-code-for-LPC17xx-examples\FreeRTOS_Source\Debug\libFreeRTOS_Library.a(port.o)
 .debug_line    0x00001b08      0x541 C:\Users\Tolavio\Documents\Inatel\P9\EC020\Rtos\source-code-for-LPC17xx-examples\FreeRTOS_Source\Debug\libFreeRTOS_Library.a(basic_io.o)
 .debug_line    0x00002049      0x2d8 C:\Users\Tolavio\Documents\Inatel\P9\EC020\Rtos\source-code-for-LPC17xx-examples\FreeRTOS_Source\Debug\libFreeRTOS_Library.a(consoleprint.o)
 .debug_line    0x00002321      0x655 C:\Users\Tolavio\Documents\Inatel\P9\EC020\Rtos\source-code-for-LPC17xx-examples\FreeRTOS_Source\Debug\libFreeRTOS_Library.a(queue.o)
 .debug_line    0x00002976      0x85d C:\Users\Tolavio\Documents\Inatel\P9\EC020\Rtos\source-code-for-LPC17xx-examples\FreeRTOS_Source\Debug\libFreeRTOS_Library.a(tasks.o)
 .debug_line    0x000031d3      0x57b C:\Users\Tolavio\Documents\Inatel\P9\EC020\Rtos\source-code-for-LPC17xx-examples\FreeRTOS_Source\Debug\libFreeRTOS_Library.a(heap_2.o)
 .debug_line    0x0000374e      0x541 C:\Users\Tolavio\Documents\Inatel\P9\EC020\Rtos\source-code-for-LPC17xx-examples\FreeRTOS_Source\Debug\libFreeRTOS_Library.a(list.o)
 .debug_line    0x00003c8f      0x78e C:\Users\Tolavio\Documents\LPCXpresso_6.1.4_194\workspace\Lib_EaBaseBoard\Debug\libLib_EaBaseBoard.a(oled.o)
 .debug_line    0x0000441d       0x8f C:\Users\Tolavio\Documents\LPCXpresso_6.1.4_194\workspace\Lib_EaBaseBoard\Debug\libLib_EaBaseBoard.a(font5x7.o)
 .debug_line    0x000044ac      0x5f8 C:\Users\Tolavio\Documents\LPCXpresso_6.1.4_194\workspace\Lib_MCU\Debug\libLib_MCU.a(lpc17xx_gpio.o)
 .debug_line    0x00004aa4      0x913 C:\Users\Tolavio\Documents\LPCXpresso_6.1.4_194\workspace\Lib_MCU\Debug\libLib_MCU.a(lpc17xx_i2c.o)
 .debug_line    0x000053b7      0x38b C:\Users\Tolavio\Documents\LPCXpresso_6.1.4_194\workspace\Lib_MCU\Debug\libLib_MCU.a(lpc17xx_libcfg_default.o)
 .debug_line    0x00005742      0x477 C:\Users\Tolavio\Documents\LPCXpresso_6.1.4_194\workspace\Lib_MCU\Debug\libLib_MCU.a(lpc17xx_pinsel.o)
 .debug_line    0x00005bb9      0x846 C:\Users\Tolavio\Documents\LPCXpresso_6.1.4_194\workspace\Lib_MCU\Debug\libLib_MCU.a(lpc17xx_ssp.o)
 .debug_line    0x000063ff      0x7a4 C:\Users\Tolavio\Documents\LPCXpresso_6.1.4_194\workspace\Lib_MCU\Debug\libLib_MCU.a(lpc17xx_timer.o)
 .debug_line    0x00006ba3      0x4d8 C:\Users\Tolavio\Documents\LPCXpresso_6.1.4_194\workspace\Lib_MCU\Debug\libLib_MCU.a(lpc17xx_clkpwr.o)

.debug_macinfo  0x00000000    0xabae9
 .debug_macinfo
                0x00000000     0x3d1a ./cr_startup_lpc17.o
 .debug_macinfo
                0x00003d1a     0xc60a ./main.o
 .debug_macinfo
                0x00010324     0x9b72 ./sensor_luz.o
 .debug_macinfo
                0x00019e96     0x83f8 C:\Users\Tolavio\Documents\Inatel\P9\EC020\Rtos\source-code-for-LPC17xx-examples\CMSISv1p30_LPC17xx\Debug\libCMSISv1p30_LPC17xx.a(system_LPC17xx.o)
 .debug_macinfo
                0x0002228e     0x9de1 C:\Users\Tolavio\Documents\Inatel\P9\EC020\Rtos\source-code-for-LPC17xx-examples\FreeRTOS_Source\Debug\libFreeRTOS_Library.a(port.o)
 .debug_macinfo
                0x0002c06f     0x9e2d C:\Users\Tolavio\Documents\Inatel\P9\EC020\Rtos\source-code-for-LPC17xx-examples\FreeRTOS_Source\Debug\libFreeRTOS_Library.a(basic_io.o)
 .debug_macinfo
                0x00035e9c     0x2b75 C:\Users\Tolavio\Documents\Inatel\P9\EC020\Rtos\source-code-for-LPC17xx-examples\FreeRTOS_Source\Debug\libFreeRTOS_Library.a(consoleprint.o)
 .debug_macinfo
                0x00038a11     0xa4c3 C:\Users\Tolavio\Documents\Inatel\P9\EC020\Rtos\source-code-for-LPC17xx-examples\FreeRTOS_Source\Debug\libFreeRTOS_Library.a(queue.o)
 .debug_macinfo
                0x00042ed4     0xa761 C:\Users\Tolavio\Documents\Inatel\P9\EC020\Rtos\source-code-for-LPC17xx-examples\FreeRTOS_Source\Debug\libFreeRTOS_Library.a(tasks.o)
 .debug_macinfo
                0x0004d635     0x9f77 C:\Users\Tolavio\Documents\Inatel\P9\EC020\Rtos\source-code-for-LPC17xx-examples\FreeRTOS_Source\Debug\libFreeRTOS_Library.a(heap_2.o)
 .debug_macinfo
                0x000575ac     0x98ca C:\Users\Tolavio\Documents\Inatel\P9\EC020\Rtos\source-code-for-LPC17xx-examples\FreeRTOS_Source\Debug\libFreeRTOS_Library.a(list.o)
 .debug_macinfo
                0x00060e76     0xa143 C:\Users\Tolavio\Documents\LPCXpresso_6.1.4_194\workspace\Lib_EaBaseBoard\Debug\libLib_EaBaseBoard.a(oled.o)
 .debug_macinfo
                0x0006afb9     0x332a C:\Users\Tolavio\Documents\LPCXpresso_6.1.4_194\workspace\Lib_EaBaseBoard\Debug\libLib_EaBaseBoard.a(font5x7.o)
 .debug_macinfo
                0x0006e2e3     0x86b8 C:\Users\Tolavio\Documents\LPCXpresso_6.1.4_194\workspace\Lib_MCU\Debug\libLib_MCU.a(lpc17xx_gpio.o)
 .debug_macinfo
                0x0007699b     0xa5d8 C:\Users\Tolavio\Documents\LPCXpresso_6.1.4_194\workspace\Lib_MCU\Debug\libLib_MCU.a(lpc17xx_i2c.o)
 .debug_macinfo
                0x00080f73     0x400d C:\Users\Tolavio\Documents\LPCXpresso_6.1.4_194\workspace\Lib_MCU\Debug\libLib_MCU.a(lpc17xx_libcfg_default.o)
 .debug_macinfo
                0x00084f80     0x87d3 C:\Users\Tolavio\Documents\LPCXpresso_6.1.4_194\workspace\Lib_MCU\Debug\libLib_MCU.a(lpc17xx_pinsel.o)
 .debug_macinfo
                0x0008d753     0xa8d0 C:\Users\Tolavio\Documents\LPCXpresso_6.1.4_194\workspace\Lib_MCU\Debug\libLib_MCU.a(lpc17xx_ssp.o)
 .debug_macinfo
                0x00098023     0xa4cd C:\Users\Tolavio\Documents\LPCXpresso_6.1.4_194\workspace\Lib_MCU\Debug\libLib_MCU.a(lpc17xx_timer.o)
 .debug_macinfo
                0x000a24f0     0x95f9 C:\Users\Tolavio\Documents\LPCXpresso_6.1.4_194\workspace\Lib_MCU\Debug\libLib_MCU.a(lpc17xx_clkpwr.o)

.debug_str      0x00000000     0x2b9a
 .debug_str     0x00000000      0x1f9 ./cr_startup_lpc17.o
                                0x233 (size before relaxing)
 .debug_str     0x000001f9      0x2a5 ./main.o
                                0x402 (size before relaxing)
 .debug_str     0x0000049e      0x669 ./sensor_luz.o
                                0x87e (size before relaxing)
 .debug_str     0x00000b07      0x1c1 C:\Users\Tolavio\Documents\Inatel\P9\EC020\Rtos\source-code-for-LPC17xx-examples\CMSISv1p30_LPC17xx\Debug\libCMSISv1p30_LPC17xx.a(system_LPC17xx.o)
                                0x2d5 (size before relaxing)
 .debug_str     0x00000cc8      0x19a C:\Users\Tolavio\Documents\Inatel\P9\EC020\Rtos\source-code-for-LPC17xx-examples\FreeRTOS_Source\Debug\libFreeRTOS_Library.a(port.o)
                                0x295 (size before relaxing)
 .debug_str     0x00000e62       0x54 C:\Users\Tolavio\Documents\Inatel\P9\EC020\Rtos\source-code-for-LPC17xx-examples\FreeRTOS_Source\Debug\libFreeRTOS_Library.a(basic_io.o)
                                0x1a1 (size before relaxing)
 .debug_str     0x00000eb6       0x37 C:\Users\Tolavio\Documents\Inatel\P9\EC020\Rtos\source-code-for-LPC17xx-examples\FreeRTOS_Source\Debug\libFreeRTOS_Library.a(consoleprint.o)
                                0x129 (size before relaxing)
 .debug_str     0x00000eed      0x3ca C:\Users\Tolavio\Documents\Inatel\P9\EC020\Rtos\source-code-for-LPC17xx-examples\FreeRTOS_Source\Debug\libFreeRTOS_Library.a(queue.o)
                                0x550 (size before relaxing)
 .debug_str     0x000012b7      0x616 C:\Users\Tolavio\Documents\Inatel\P9\EC020\Rtos\source-code-for-LPC17xx-examples\FreeRTOS_Source\Debug\libFreeRTOS_Library.a(tasks.o)
                                0x8e9 (size before relaxing)
 .debug_str     0x000018cd      0x150 C:\Users\Tolavio\Documents\Inatel\P9\EC020\Rtos\source-code-for-LPC17xx-examples\FreeRTOS_Source\Debug\libFreeRTOS_Library.a(heap_2.o)
                                0x2bc (size before relaxing)
 .debug_str     0x00001a1d       0x92 C:\Users\Tolavio\Documents\Inatel\P9\EC020\Rtos\source-code-for-LPC17xx-examples\FreeRTOS_Source\Debug\libFreeRTOS_Library.a(list.o)
                                0x283 (size before relaxing)
 .debug_str     0x00001aaf      0x25b C:\Users\Tolavio\Documents\LPCXpresso_6.1.4_194\workspace\Lib_EaBaseBoard\Debug\libLib_EaBaseBoard.a(oled.o)
                                0x3e1 (size before relaxing)
 .debug_str     0x00001d0a       0x11 C:\Users\Tolavio\Documents\LPCXpresso_6.1.4_194\workspace\Lib_EaBaseBoard\Debug\libLib_EaBaseBoard.a(font5x7.o)
                                 0xcd (size before relaxing)
 .debug_str     0x00001d1b      0x386 C:\Users\Tolavio\Documents\LPCXpresso_6.1.4_194\workspace\Lib_MCU\Debug\libLib_MCU.a(lpc17xx_gpio.o)
                                0x47e (size before relaxing)
 .debug_str     0x000020a1      0x2f4 C:\Users\Tolavio\Documents\LPCXpresso_6.1.4_194\workspace\Lib_MCU\Debug\libLib_MCU.a(lpc17xx_i2c.o)
                                0x814 (size before relaxing)
 .debug_str     0x00002395       0x32 C:\Users\Tolavio\Documents\LPCXpresso_6.1.4_194\workspace\Lib_MCU\Debug\libLib_MCU.a(lpc17xx_libcfg_default.o)
                                0x157 (size before relaxing)
 .debug_str     0x000023c7      0x214 C:\Users\Tolavio\Documents\LPCXpresso_6.1.4_194\workspace\Lib_MCU\Debug\libLib_MCU.a(lpc17xx_pinsel.o)
                                0x3b3 (size before relaxing)
 .debug_str     0x000025db      0x211 C:\Users\Tolavio\Documents\LPCXpresso_6.1.4_194\workspace\Lib_MCU\Debug\libLib_MCU.a(lpc17xx_ssp.o)
                                0x491 (size before relaxing)
 .debug_str     0x000027ec      0x295 C:\Users\Tolavio\Documents\LPCXpresso_6.1.4_194\workspace\Lib_MCU\Debug\libLib_MCU.a(lpc17xx_timer.o)
                                0x5c7 (size before relaxing)
 .debug_str     0x00002a81      0x119 C:\Users\Tolavio\Documents\LPCXpresso_6.1.4_194\workspace\Lib_MCU\Debug\libLib_MCU.a(lpc17xx_clkpwr.o)
                                0x3af (size before relaxing)

.comment        0x00000000       0xe0
 .comment       0x00000000       0x70 ./cr_startup_lpc17.o
                                 0x71 (size before relaxing)
 .comment       0x00000000       0x71 ./main.o
 .comment       0x00000000       0x71 ./sensor_luz.o
 .comment       0x00000000       0x71 C:\Users\Tolavio\Documents\Inatel\P9\EC020\Rtos\source-code-for-LPC17xx-examples\CMSISv1p30_LPC17xx\Debug\libCMSISv1p30_LPC17xx.a(system_LPC17xx.o)
 .comment       0x00000000       0x71 C:\Users\Tolavio\Documents\Inatel\P9\EC020\Rtos\source-code-for-LPC17xx-examples\FreeRTOS_Source\Debug\libFreeRTOS_Library.a(port.o)
 .comment       0x00000000       0x71 C:\Users\Tolavio\Documents\Inatel\P9\EC020\Rtos\source-code-for-LPC17xx-examples\FreeRTOS_Source\Debug\libFreeRTOS_Library.a(basic_io.o)
 .comment       0x00000000       0x71 C:\Users\Tolavio\Documents\Inatel\P9\EC020\Rtos\source-code-for-LPC17xx-examples\FreeRTOS_Source\Debug\libFreeRTOS_Library.a(consoleprint.o)
 .comment       0x00000000       0x71 C:\Users\Tolavio\Documents\Inatel\P9\EC020\Rtos\source-code-for-LPC17xx-examples\FreeRTOS_Source\Debug\libFreeRTOS_Library.a(queue.o)
 .comment       0x00000000       0x71 C:\Users\Tolavio\Documents\Inatel\P9\EC020\Rtos\source-code-for-LPC17xx-examples\FreeRTOS_Source\Debug\libFreeRTOS_Library.a(tasks.o)
 .comment       0x00000000       0x71 C:\Users\Tolavio\Documents\Inatel\P9\EC020\Rtos\source-code-for-LPC17xx-examples\FreeRTOS_Source\Debug\libFreeRTOS_Library.a(heap_2.o)
 .comment       0x00000000       0x71 C:\Users\Tolavio\Documents\Inatel\P9\EC020\Rtos\source-code-for-LPC17xx-examples\FreeRTOS_Source\Debug\libFreeRTOS_Library.a(list.o)
 .comment       0x00000000       0x71 C:\Users\Tolavio\Documents\LPCXpresso_6.1.4_194\workspace\Lib_EaBaseBoard\Debug\libLib_EaBaseBoard.a(oled.o)
 .comment       0x00000000       0x71 C:\Users\Tolavio\Documents\LPCXpresso_6.1.4_194\workspace\Lib_EaBaseBoard\Debug\libLib_EaBaseBoard.a(font5x7.o)
 .comment       0x00000000       0x71 C:\Users\Tolavio\Documents\LPCXpresso_6.1.4_194\workspace\Lib_MCU\Debug\libLib_MCU.a(lpc17xx_gpio.o)
 .comment       0x00000000       0x71 C:\Users\Tolavio\Documents\LPCXpresso_6.1.4_194\workspace\Lib_MCU\Debug\libLib_MCU.a(lpc17xx_i2c.o)
 .comment       0x00000000       0x71 C:\Users\Tolavio\Documents\LPCXpresso_6.1.4_194\workspace\Lib_MCU\Debug\libLib_MCU.a(lpc17xx_libcfg_default.o)
 .comment       0x00000000       0x71 C:\Users\Tolavio\Documents\LPCXpresso_6.1.4_194\workspace\Lib_MCU\Debug\libLib_MCU.a(lpc17xx_pinsel.o)
 .comment       0x00000000       0x71 C:\Users\Tolavio\Documents\LPCXpresso_6.1.4_194\workspace\Lib_MCU\Debug\libLib_MCU.a(lpc17xx_ssp.o)
 .comment       0x00000000       0x71 C:\Users\Tolavio\Documents\LPCXpresso_6.1.4_194\workspace\Lib_MCU\Debug\libLib_MCU.a(lpc17xx_timer.o)
 .comment       0x00000000       0x71 C:\Users\Tolavio\Documents\LPCXpresso_6.1.4_194\workspace\Lib_MCU\Debug\libLib_MCU.a(lpc17xx_clkpwr.o)
 .comment       0x00000070       0x70 c:/nxp/lpcxpresso_6.1.4_194/lpcxpresso/tools/bin/../lib/gcc/arm-none-eabi/4.6.2/../../../../arm-none-eabi/lib/armv7-m\libcr_semihost.a(_cr__main.o)
                                 0x71 (size before relaxing)
 .comment       0x00000000       0x71 c:/nxp/lpcxpresso_6.1.4_194/lpcxpresso/tools/bin/../lib/gcc/arm-none-eabi/4.6.2/../../../../arm-none-eabi/lib/armv7-m\libcr_c.a(memcpy.o)
 .comment       0x00000000       0x71 c:/nxp/lpcxpresso_6.1.4_194/lpcxpresso/tools/bin/../lib/gcc/arm-none-eabi/4.6.2/../../../../arm-none-eabi/lib/armv7-m\libcr_c.a(memset.o)
 .comment       0x00000000       0x71 c:/nxp/lpcxpresso_6.1.4_194/lpcxpresso/tools/bin/../lib/gcc/arm-none-eabi/4.6.2/../../../../arm-none-eabi/lib/armv7-m\libcr_c.a(fpprintf.o)
 .comment       0x00000000       0x71 c:/nxp/lpcxpresso_6.1.4_194/lpcxpresso/tools/bin/../lib/gcc/arm-none-eabi/4.6.2/../../../../arm-none-eabi/lib/armv7-m\libcr_c.a(initio.o)
 .comment       0x00000000       0x71 c:/nxp/lpcxpresso_6.1.4_194/lpcxpresso/tools/bin/../lib/gcc/arm-none-eabi/4.6.2/../../../../arm-none-eabi/lib/armv7-m\libcr_c.a(memcmp.o)
 .comment       0x00000000       0x71 c:/nxp/lpcxpresso_6.1.4_194/lpcxpresso/tools/bin/../lib/gcc/arm-none-eabi/4.6.2/../../../../arm-none-eabi/lib/armv7-m\libcr_c.a(printf.o)
 .comment       0x00000000       0x71 c:/nxp/lpcxpresso_6.1.4_194/lpcxpresso/tools/bin/../lib/gcc/arm-none-eabi/4.6.2/../../../../arm-none-eabi/lib/armv7-m\libcr_c.a(setvbuf.o)
 .comment       0x00000000       0x71 c:/nxp/lpcxpresso_6.1.4_194/lpcxpresso/tools/bin/../lib/gcc/arm-none-eabi/4.6.2/../../../../arm-none-eabi/lib/armv7-m\libcr_c.a(stdio.o)
 .comment       0x00000000       0x71 c:/nxp/lpcxpresso_6.1.4_194/lpcxpresso/tools/bin/../lib/gcc/arm-none-eabi/4.6.2/../../../../arm-none-eabi/lib/armv7-m\libcr_c.a(strcpy.o)
 .comment       0x00000000       0x71 c:/nxp/lpcxpresso_6.1.4_194/lpcxpresso/tools/bin/../lib/gcc/arm-none-eabi/4.6.2/../../../../arm-none-eabi/lib/armv7-m\libcr_c.a(strlen.o)
 .comment       0x00000000       0x71 c:/nxp/lpcxpresso_6.1.4_194/lpcxpresso/tools/bin/../lib/gcc/arm-none-eabi/4.6.2/../../../../arm-none-eabi/lib/armv7-m\libcr_c.a(strncpy.o)
 .comment       0x00000000       0x71 c:/nxp/lpcxpresso_6.1.4_194/lpcxpresso/tools/bin/../lib/gcc/arm-none-eabi/4.6.2/../../../../arm-none-eabi/lib/armv7-m\libcr_c.a(__fillbuf.o)
 .comment       0x00000000       0x71 c:/nxp/lpcxpresso_6.1.4_194/lpcxpresso/tools/bin/../lib/gcc/arm-none-eabi/4.6.2/../../../../arm-none-eabi/lib/armv7-m\libcr_c.a(_deferredlazyseek.o)
 .comment       0x00000000       0x71 c:/nxp/lpcxpresso_6.1.4_194/lpcxpresso/tools/bin/../lib/gcc/arm-none-eabi/4.6.2/../../../../arm-none-eabi/lib/armv7-m\libcr_c.a(_fdopen.o)
 .comment       0x00000000       0x71 c:/nxp/lpcxpresso_6.1.4_194/lpcxpresso/tools/bin/../lib/gcc/arm-none-eabi/4.6.2/../../../../arm-none-eabi/lib/armv7-m\libcr_c.a(_fflush.o)
 .comment       0x00000000       0x71 c:/nxp/lpcxpresso_6.1.4_194/lpcxpresso/tools/bin/../lib/gcc/arm-none-eabi/4.6.2/../../../../arm-none-eabi/lib/armv7-m\libcr_c.a(_frexpl.o)
 .comment       0x00000000       0x71 c:/nxp/lpcxpresso_6.1.4_194/lpcxpresso/tools/bin/../lib/gcc/arm-none-eabi/4.6.2/../../../../arm-none-eabi/lib/armv7-m\libcr_c.a(_ldexpl.o)
 .comment       0x00000000       0x71 c:/nxp/lpcxpresso_6.1.4_194/lpcxpresso/tools/bin/../lib/gcc/arm-none-eabi/4.6.2/../../../../arm-none-eabi/lib/armv7-m\libcr_c.a(_writebuf.o)
 .comment       0x00000000       0x71 c:/nxp/lpcxpresso_6.1.4_194/lpcxpresso/tools/bin/../lib/gcc/arm-none-eabi/4.6.2/../../../../arm-none-eabi/lib/armv7-m\libcr_c.a(alloc.o)
 .comment       0x00000000       0x71 c:/nxp/lpcxpresso_6.1.4_194/lpcxpresso/tools/bin/../lib/gcc/arm-none-eabi/4.6.2/../../../../arm-none-eabi/lib/armv7-m\libcr_c.a(errno.o)
 .comment       0x00000000       0x71 c:/nxp/lpcxpresso_6.1.4_194/lpcxpresso/tools/bin/../lib/gcc/arm-none-eabi/4.6.2/../../../../arm-none-eabi/lib/armv7-m\libcr_c.a(fclose.o)
 .comment       0x00000000       0x71 c:/nxp/lpcxpresso_6.1.4_194/lpcxpresso/tools/bin/../lib/gcc/arm-none-eabi/4.6.2/../../../../arm-none-eabi/lib/armv7-m\libcr_c.a(fflush.o)
 .comment       0x00000000       0x71 c:/nxp/lpcxpresso_6.1.4_194/lpcxpresso/tools/bin/../lib/gcc/arm-none-eabi/4.6.2/../../../../arm-none-eabi/lib/armv7-m\libcr_c.a(fseek.o)
 .comment       0x00000000       0x71 c:/nxp/lpcxpresso_6.1.4_194/lpcxpresso/tools/bin/../lib/gcc/arm-none-eabi/4.6.2/../../../../arm-none-eabi/lib/armv7-m\libcr_c.a(ftell.o)
 .comment       0x00000000       0x71 c:/nxp/lpcxpresso_6.1.4_194/lpcxpresso/tools/bin/../lib/gcc/arm-none-eabi/4.6.2/../../../../arm-none-eabi/lib/armv7-m\libcr_c.a(remove.o)
 .comment       0x00000000       0x71 c:/nxp/lpcxpresso_6.1.4_194/lpcxpresso/tools/bin/../lib/gcc/arm-none-eabi/4.6.2/../../../../arm-none-eabi/lib/armv7-m\libcr_c.a(__init_alloc.o)
 .comment       0x00000000       0x71 c:/nxp/lpcxpresso_6.1.4_194/lpcxpresso/tools/bin/../lib/gcc/arm-none-eabi/4.6.2/../../../../arm-none-eabi/lib/armv7-m\libcr_c.a(_do_fflush.o)
 .comment       0x00000000       0x71 c:/nxp/lpcxpresso_6.1.4_194/lpcxpresso/tools/bin/../lib/gcc/arm-none-eabi/4.6.2/../../../../arm-none-eabi/lib/armv7-m\libcr_c.a(_hugeval.o)
 .comment       0x00000000       0x71 c:/nxp/lpcxpresso_6.1.4_194/lpcxpresso/tools/bin/../lib/gcc/arm-none-eabi/4.6.2/armv7-m\libcr_eabihelpers.a(double.o)
 .comment       0x00000000       0x71 c:/nxp/lpcxpresso_6.1.4_194/lpcxpresso/tools/bin/../lib/gcc/arm-none-eabi/4.6.2/../../../../arm-none-eabi/lib/armv7-m\libcr_semihost.a(_cr_sbrk.o)
 .comment       0x00000000       0x71 c:/nxp/lpcxpresso_6.1.4_194/lpcxpresso/tools/bin/../lib/gcc/arm-none-eabi/4.6.2/../../../../arm-none-eabi/lib/armv7-m\libcr_semihost.a(_cr_check_heap.o)

.ARM.attributes
                0x00000000       0x31
 .ARM.attributes
                0x00000000       0x33 ./cr_startup_lpc17.o
 .ARM.attributes
                0x00000033       0x33 ./main.o
 .ARM.attributes
                0x00000066       0x33 ./sensor_luz.o
 .ARM.attributes
                0x00000099       0x33 C:\Users\Tolavio\Documents\Inatel\P9\EC020\Rtos\source-code-for-LPC17xx-examples\CMSISv1p30_LPC17xx\Debug\libCMSISv1p30_LPC17xx.a(system_LPC17xx.o)
 .ARM.attributes
                0x000000cc       0x33 C:\Users\Tolavio\Documents\Inatel\P9\EC020\Rtos\source-code-for-LPC17xx-examples\FreeRTOS_Source\Debug\libFreeRTOS_Library.a(port.o)
 .ARM.attributes
                0x000000ff       0x33 C:\Users\Tolavio\Documents\Inatel\P9\EC020\Rtos\source-code-for-LPC17xx-examples\FreeRTOS_Source\Debug\libFreeRTOS_Library.a(basic_io.o)
 .ARM.attributes
                0x00000132       0x33 C:\Users\Tolavio\Documents\Inatel\P9\EC020\Rtos\source-code-for-LPC17xx-examples\FreeRTOS_Source\Debug\libFreeRTOS_Library.a(consoleprint.o)
 .ARM.attributes
                0x00000165       0x33 C:\Users\Tolavio\Documents\Inatel\P9\EC020\Rtos\source-code-for-LPC17xx-examples\FreeRTOS_Source\Debug\libFreeRTOS_Library.a(queue.o)
 .ARM.attributes
                0x00000198       0x33 C:\Users\Tolavio\Documents\Inatel\P9\EC020\Rtos\source-code-for-LPC17xx-examples\FreeRTOS_Source\Debug\libFreeRTOS_Library.a(tasks.o)
 .ARM.attributes
                0x000001cb       0x33 C:\Users\Tolavio\Documents\Inatel\P9\EC020\Rtos\source-code-for-LPC17xx-examples\FreeRTOS_Source\Debug\libFreeRTOS_Library.a(heap_2.o)
 .ARM.attributes
                0x000001fe       0x33 C:\Users\Tolavio\Documents\Inatel\P9\EC020\Rtos\source-code-for-LPC17xx-examples\FreeRTOS_Source\Debug\libFreeRTOS_Library.a(list.o)
 .ARM.attributes
                0x00000231       0x33 C:\Users\Tolavio\Documents\LPCXpresso_6.1.4_194\workspace\Lib_EaBaseBoard\Debug\libLib_EaBaseBoard.a(oled.o)
 .ARM.attributes
                0x00000264       0x33 C:\Users\Tolavio\Documents\LPCXpresso_6.1.4_194\workspace\Lib_EaBaseBoard\Debug\libLib_EaBaseBoard.a(font5x7.o)
 .ARM.attributes
                0x00000297       0x33 C:\Users\Tolavio\Documents\LPCXpresso_6.1.4_194\workspace\Lib_MCU\Debug\libLib_MCU.a(lpc17xx_gpio.o)
 .ARM.attributes
                0x000002ca       0x33 C:\Users\Tolavio\Documents\LPCXpresso_6.1.4_194\workspace\Lib_MCU\Debug\libLib_MCU.a(lpc17xx_i2c.o)
 .ARM.attributes
                0x000002fd       0x33 C:\Users\Tolavio\Documents\LPCXpresso_6.1.4_194\workspace\Lib_MCU\Debug\libLib_MCU.a(lpc17xx_libcfg_default.o)
 .ARM.attributes
                0x00000330       0x33 C:\Users\Tolavio\Documents\LPCXpresso_6.1.4_194\workspace\Lib_MCU\Debug\libLib_MCU.a(lpc17xx_pinsel.o)
 .ARM.attributes
                0x00000363       0x33 C:\Users\Tolavio\Documents\LPCXpresso_6.1.4_194\workspace\Lib_MCU\Debug\libLib_MCU.a(lpc17xx_ssp.o)
 .ARM.attributes
                0x00000396       0x33 C:\Users\Tolavio\Documents\LPCXpresso_6.1.4_194\workspace\Lib_MCU\Debug\libLib_MCU.a(lpc17xx_timer.o)
 .ARM.attributes
                0x000003c9       0x33 C:\Users\Tolavio\Documents\LPCXpresso_6.1.4_194\workspace\Lib_MCU\Debug\libLib_MCU.a(lpc17xx_clkpwr.o)
 .ARM.attributes
                0x000003fc       0x21 c:/nxp/lpcxpresso_6.1.4_194/lpcxpresso/tools/bin/../lib/gcc/arm-none-eabi/4.6.2/../../../../arm-none-eabi/lib/armv7-m\libcr_semihost.a(__sys_write.o)
 .ARM.attributes
                0x0000041d       0x33 c:/nxp/lpcxpresso_6.1.4_194/lpcxpresso/tools/bin/../lib/gcc/arm-none-eabi/4.6.2/../../../../arm-none-eabi/lib/armv7-m\libcr_semihost.a(_cr__main.o)
 .ARM.attributes
                0x00000450       0x33 c:/nxp/lpcxpresso_6.1.4_194/lpcxpresso/tools/bin/../lib/gcc/arm-none-eabi/4.6.2/../../../../arm-none-eabi/lib/armv7-m\libcr_c.a(memcpy.o)
 .ARM.attributes
                0x00000483       0x33 c:/nxp/lpcxpresso_6.1.4_194/lpcxpresso/tools/bin/../lib/gcc/arm-none-eabi/4.6.2/../../../../arm-none-eabi/lib/armv7-m\libcr_c.a(memset.o)
 .ARM.attributes
                0x000004b6       0x33 c:/nxp/lpcxpresso_6.1.4_194/lpcxpresso/tools/bin/../lib/gcc/arm-none-eabi/4.6.2/../../../../arm-none-eabi/lib/armv7-m\libcr_c.a(fpprintf.o)
 .ARM.attributes
                0x000004e9       0x33 c:/nxp/lpcxpresso_6.1.4_194/lpcxpresso/tools/bin/../lib/gcc/arm-none-eabi/4.6.2/../../../../arm-none-eabi/lib/armv7-m\libcr_c.a(initio.o)
 .ARM.attributes
                0x0000051c       0x33 c:/nxp/lpcxpresso_6.1.4_194/lpcxpresso/tools/bin/../lib/gcc/arm-none-eabi/4.6.2/../../../../arm-none-eabi/lib/armv7-m\libcr_c.a(memcmp.o)
 .ARM.attributes
                0x0000054f       0x33 c:/nxp/lpcxpresso_6.1.4_194/lpcxpresso/tools/bin/../lib/gcc/arm-none-eabi/4.6.2/../../../../arm-none-eabi/lib/armv7-m\libcr_c.a(printf.o)
 .ARM.attributes
                0x00000582       0x33 c:/nxp/lpcxpresso_6.1.4_194/lpcxpresso/tools/bin/../lib/gcc/arm-none-eabi/4.6.2/../../../../arm-none-eabi/lib/armv7-m\libcr_c.a(setvbuf.o)
 .ARM.attributes
                0x000005b5       0x33 c:/nxp/lpcxpresso_6.1.4_194/lpcxpresso/tools/bin/../lib/gcc/arm-none-eabi/4.6.2/../../../../arm-none-eabi/lib/armv7-m\libcr_c.a(stdio.o)
 .ARM.attributes
                0x000005e8       0x33 c:/nxp/lpcxpresso_6.1.4_194/lpcxpresso/tools/bin/../lib/gcc/arm-none-eabi/4.6.2/../../../../arm-none-eabi/lib/armv7-m\libcr_c.a(strcpy.o)
 .ARM.attributes
                0x0000061b       0x33 c:/nxp/lpcxpresso_6.1.4_194/lpcxpresso/tools/bin/../lib/gcc/arm-none-eabi/4.6.2/../../../../arm-none-eabi/lib/armv7-m\libcr_c.a(strlen.o)
 .ARM.attributes
                0x0000064e       0x33 c:/nxp/lpcxpresso_6.1.4_194/lpcxpresso/tools/bin/../lib/gcc/arm-none-eabi/4.6.2/../../../../arm-none-eabi/lib/armv7-m\libcr_c.a(strncpy.o)
 .ARM.attributes
                0x00000681       0x33 c:/nxp/lpcxpresso_6.1.4_194/lpcxpresso/tools/bin/../lib/gcc/arm-none-eabi/4.6.2/../../../../arm-none-eabi/lib/armv7-m\libcr_c.a(__fillbuf.o)
 .ARM.attributes
                0x000006b4       0x33 c:/nxp/lpcxpresso_6.1.4_194/lpcxpresso/tools/bin/../lib/gcc/arm-none-eabi/4.6.2/../../../../arm-none-eabi/lib/armv7-m\libcr_c.a(_deferredlazyseek.o)
 .ARM.attributes
                0x000006e7       0x33 c:/nxp/lpcxpresso_6.1.4_194/lpcxpresso/tools/bin/../lib/gcc/arm-none-eabi/4.6.2/../../../../arm-none-eabi/lib/armv7-m\libcr_c.a(_fdopen.o)
 .ARM.attributes
                0x0000071a       0x33 c:/nxp/lpcxpresso_6.1.4_194/lpcxpresso/tools/bin/../lib/gcc/arm-none-eabi/4.6.2/../../../../arm-none-eabi/lib/armv7-m\libcr_c.a(_fflush.o)
 .ARM.attributes
                0x0000074d       0x33 c:/nxp/lpcxpresso_6.1.4_194/lpcxpresso/tools/bin/../lib/gcc/arm-none-eabi/4.6.2/../../../../arm-none-eabi/lib/armv7-m\libcr_c.a(_frexpl.o)
 .ARM.attributes
                0x00000780       0x33 c:/nxp/lpcxpresso_6.1.4_194/lpcxpresso/tools/bin/../lib/gcc/arm-none-eabi/4.6.2/../../../../arm-none-eabi/lib/armv7-m\libcr_c.a(_ldexpl.o)
 .ARM.attributes
                0x000007b3       0x33 c:/nxp/lpcxpresso_6.1.4_194/lpcxpresso/tools/bin/../lib/gcc/arm-none-eabi/4.6.2/../../../../arm-none-eabi/lib/armv7-m\libcr_c.a(_writebuf.o)
 .ARM.attributes
                0x000007e6       0x33 c:/nxp/lpcxpresso_6.1.4_194/lpcxpresso/tools/bin/../lib/gcc/arm-none-eabi/4.6.2/../../../../arm-none-eabi/lib/armv7-m\libcr_c.a(alloc.o)
 .ARM.attributes
                0x00000819       0x33 c:/nxp/lpcxpresso_6.1.4_194/lpcxpresso/tools/bin/../lib/gcc/arm-none-eabi/4.6.2/../../../../arm-none-eabi/lib/armv7-m\libcr_c.a(errno.o)
 .ARM.attributes
                0x0000084c       0x33 c:/nxp/lpcxpresso_6.1.4_194/lpcxpresso/tools/bin/../lib/gcc/arm-none-eabi/4.6.2/../../../../arm-none-eabi/lib/armv7-m\libcr_c.a(fclose.o)
 .ARM.attributes
                0x0000087f       0x33 c:/nxp/lpcxpresso_6.1.4_194/lpcxpresso/tools/bin/../lib/gcc/arm-none-eabi/4.6.2/../../../../arm-none-eabi/lib/armv7-m\libcr_c.a(fflush.o)
 .ARM.attributes
                0x000008b2       0x33 c:/nxp/lpcxpresso_6.1.4_194/lpcxpresso/tools/bin/../lib/gcc/arm-none-eabi/4.6.2/../../../../arm-none-eabi/lib/armv7-m\libcr_c.a(fseek.o)
 .ARM.attributes
                0x000008e5       0x33 c:/nxp/lpcxpresso_6.1.4_194/lpcxpresso/tools/bin/../lib/gcc/arm-none-eabi/4.6.2/../../../../arm-none-eabi/lib/armv7-m\libcr_c.a(ftell.o)
 .ARM.attributes
                0x00000918       0x33 c:/nxp/lpcxpresso_6.1.4_194/lpcxpresso/tools/bin/../lib/gcc/arm-none-eabi/4.6.2/../../../../arm-none-eabi/lib/armv7-m\libcr_c.a(remove.o)
 .ARM.attributes
                0x0000094b       0x33 c:/nxp/lpcxpresso_6.1.4_194/lpcxpresso/tools/bin/../lib/gcc/arm-none-eabi/4.6.2/../../../../arm-none-eabi/lib/armv7-m\libcr_c.a(__init_alloc.o)
 .ARM.attributes
                0x0000097e       0x33 c:/nxp/lpcxpresso_6.1.4_194/lpcxpresso/tools/bin/../lib/gcc/arm-none-eabi/4.6.2/../../../../arm-none-eabi/lib/armv7-m\libcr_c.a(_do_fflush.o)
 .ARM.attributes
                0x000009b1       0x33 c:/nxp/lpcxpresso_6.1.4_194/lpcxpresso/tools/bin/../lib/gcc/arm-none-eabi/4.6.2/../../../../arm-none-eabi/lib/armv7-m\libcr_c.a(_hugeval.o)
 .ARM.attributes
                0x000009e4       0x21 c:/nxp/lpcxpresso_6.1.4_194/lpcxpresso/tools/bin/../lib/gcc/arm-none-eabi/4.6.2/armv7-m\libcr_eabihelpers.a(division.o)
 .ARM.attributes
                0x00000a05       0x33 c:/nxp/lpcxpresso_6.1.4_194/lpcxpresso/tools/bin/../lib/gcc/arm-none-eabi/4.6.2/armv7-m\libcr_eabihelpers.a(double.o)
 .ARM.attributes
                0x00000a38       0x21 c:/nxp/lpcxpresso_6.1.4_194/lpcxpresso/tools/bin/../lib/gcc/arm-none-eabi/4.6.2/armv7-m\libcr_eabihelpers.a(memcpy.o)
 .ARM.attributes
                0x00000a59       0x21 c:/nxp/lpcxpresso_6.1.4_194/lpcxpresso/tools/bin/../lib/gcc/arm-none-eabi/4.6.2/../../../../arm-none-eabi/lib/armv7-m\libcr_semihost.a(__sys_appexit.o)
 .ARM.attributes
                0x00000a7a       0x21 c:/nxp/lpcxpresso_6.1.4_194/lpcxpresso/tools/bin/../lib/gcc/arm-none-eabi/4.6.2/../../../../arm-none-eabi/lib/armv7-m\libcr_semihost.a(__sys_close.o)
 .ARM.attributes
                0x00000a9b       0x21 c:/nxp/lpcxpresso_6.1.4_194/lpcxpresso/tools/bin/../lib/gcc/arm-none-eabi/4.6.2/../../../../arm-none-eabi/lib/armv7-m\libcr_semihost.a(__sys_flen.o)
 .ARM.attributes
                0x00000abc       0x21 c:/nxp/lpcxpresso_6.1.4_194/lpcxpresso/tools/bin/../lib/gcc/arm-none-eabi/4.6.2/../../../../arm-none-eabi/lib/armv7-m\libcr_semihost.a(__sys_istty.o)
 .ARM.attributes
                0x00000add       0x21 c:/nxp/lpcxpresso_6.1.4_194/lpcxpresso/tools/bin/../lib/gcc/arm-none-eabi/4.6.2/../../../../arm-none-eabi/lib/armv7-m\libcr_semihost.a(__sys_read.o)
 .ARM.attributes
                0x00000afe       0x21 c:/nxp/lpcxpresso_6.1.4_194/lpcxpresso/tools/bin/../lib/gcc/arm-none-eabi/4.6.2/../../../../arm-none-eabi/lib/armv7-m\libcr_semihost.a(__sys_readc.o)
 .ARM.attributes
                0x00000b1f       0x21 c:/nxp/lpcxpresso_6.1.4_194/lpcxpresso/tools/bin/../lib/gcc/arm-none-eabi/4.6.2/../../../../arm-none-eabi/lib/armv7-m\libcr_semihost.a(__sys_remove.o)
 .ARM.attributes
                0x00000b40       0x21 c:/nxp/lpcxpresso_6.1.4_194/lpcxpresso/tools/bin/../lib/gcc/arm-none-eabi/4.6.2/../../../../arm-none-eabi/lib/armv7-m\libcr_semihost.a(__sys_rename.o)
 .ARM.attributes
                0x00000b61       0x21 c:/nxp/lpcxpresso_6.1.4_194/lpcxpresso/tools/bin/../lib/gcc/arm-none-eabi/4.6.2/../../../../arm-none-eabi/lib/armv7-m\libcr_semihost.a(__sys_seek.o)
 .ARM.attributes
                0x00000b82       0x21 c:/nxp/lpcxpresso_6.1.4_194/lpcxpresso/tools/bin/../lib/gcc/arm-none-eabi/4.6.2/../../../../arm-none-eabi/lib/armv7-m\libcr_semihost.a(__sys_tmpnam.o)
 .ARM.attributes
                0x00000ba3       0x33 c:/nxp/lpcxpresso_6.1.4_194/lpcxpresso/tools/bin/../lib/gcc/arm-none-eabi/4.6.2/../../../../arm-none-eabi/lib/armv7-m\libcr_semihost.a(_cr_sbrk.o)
 .ARM.attributes
                0x00000bd6       0x33 c:/nxp/lpcxpresso_6.1.4_194/lpcxpresso/tools/bin/../lib/gcc/arm-none-eabi/4.6.2/../../../../arm-none-eabi/lib/armv7-m\libcr_semihost.a(_cr_check_heap.o)

.debug_frame    0x00000000     0x18a4
 .debug_frame   0x00000000      0x120 ./cr_startup_lpc17.o
 .debug_frame   0x00000120      0x114 ./main.o
 .debug_frame   0x00000234      0x1ac ./sensor_luz.o
 .debug_frame   0x000003e0       0x48 C:\Users\Tolavio\Documents\Inatel\P9\EC020\Rtos\source-code-for-LPC17xx-examples\CMSISv1p30_LPC17xx\Debug\libCMSISv1p30_LPC17xx.a(system_LPC17xx.o)
 .debug_frame   0x00000428       0xc0 C:\Users\Tolavio\Documents\Inatel\P9\EC020\Rtos\source-code-for-LPC17xx-examples\FreeRTOS_Source\Debug\libFreeRTOS_Library.a(port.o)
 .debug_frame   0x000004e8       0x48 C:\Users\Tolavio\Documents\Inatel\P9\EC020\Rtos\source-code-for-LPC17xx-examples\FreeRTOS_Source\Debug\libFreeRTOS_Library.a(basic_io.o)
 .debug_frame   0x00000530       0x28 C:\Users\Tolavio\Documents\Inatel\P9\EC020\Rtos\source-code-for-LPC17xx-examples\FreeRTOS_Source\Debug\libFreeRTOS_Library.a(consoleprint.o)
 .debug_frame   0x00000558      0x19c C:\Users\Tolavio\Documents\Inatel\P9\EC020\Rtos\source-code-for-LPC17xx-examples\FreeRTOS_Source\Debug\libFreeRTOS_Library.a(queue.o)
 .debug_frame   0x000006f4      0x2cc C:\Users\Tolavio\Documents\Inatel\P9\EC020\Rtos\source-code-for-LPC17xx-examples\FreeRTOS_Source\Debug\libFreeRTOS_Library.a(tasks.o)
 .debug_frame   0x000009c0       0x68 C:\Users\Tolavio\Documents\Inatel\P9\EC020\Rtos\source-code-for-LPC17xx-examples\FreeRTOS_Source\Debug\libFreeRTOS_Library.a(heap_2.o)
 .debug_frame   0x00000a28       0x68 C:\Users\Tolavio\Documents\Inatel\P9\EC020\Rtos\source-code-for-LPC17xx-examples\FreeRTOS_Source\Debug\libFreeRTOS_Library.a(list.o)
 .debug_frame   0x00000a90      0x1ec C:\Users\Tolavio\Documents\LPCXpresso_6.1.4_194\workspace\Lib_EaBaseBoard\Debug\libLib_EaBaseBoard.a(oled.o)
 .debug_frame   0x00000c7c      0x2c4 C:\Users\Tolavio\Documents\LPCXpresso_6.1.4_194\workspace\Lib_MCU\Debug\libLib_MCU.a(lpc17xx_gpio.o)
 .debug_frame   0x00000f40      0x2c8 C:\Users\Tolavio\Documents\LPCXpresso_6.1.4_194\workspace\Lib_MCU\Debug\libLib_MCU.a(lpc17xx_i2c.o)
 .debug_frame   0x00001208       0x2c C:\Users\Tolavio\Documents\LPCXpresso_6.1.4_194\workspace\Lib_MCU\Debug\libLib_MCU.a(lpc17xx_libcfg_default.o)
 .debug_frame   0x00001234       0xbc C:\Users\Tolavio\Documents\LPCXpresso_6.1.4_194\workspace\Lib_MCU\Debug\libLib_MCU.a(lpc17xx_pinsel.o)
 .debug_frame   0x000012f0      0x280 C:\Users\Tolavio\Documents\LPCXpresso_6.1.4_194\workspace\Lib_MCU\Debug\libLib_MCU.a(lpc17xx_ssp.o)
 .debug_frame   0x00001570      0x228 C:\Users\Tolavio\Documents\LPCXpresso_6.1.4_194\workspace\Lib_MCU\Debug\libLib_MCU.a(lpc17xx_timer.o)
 .debug_frame   0x00001798      0x10c C:\Users\Tolavio\Documents\LPCXpresso_6.1.4_194\workspace\Lib_MCU\Debug\libLib_MCU.a(lpc17xx_clkpwr.o)
